r52 · 闭环扫描复现 + 起振仪表化      T_OBS=6.0s / STEP=0.5dB / FRAME=64
deps: clrig.py@8ad47ce8d260dd18 nhs.py@706b658842d84316 howl_detect.py@fd63e901f2d8be33
[L2/宿主仿真]  预注册 = PREREG_r52.txt
被测对象(D6-b):m0/mk = **6s 内能长到超 6dB 门的最低 G**,不是解析 MSG;
                超出量小时会系统性【高读】(晚触发),这是本轮判读的关键混淆面。

====================================================================================================
  T60  sd   MSG_in  MSG_full     m0实测     mk实测   ΔMSG  m0−MSGfull  m0−MSGin
====================================================================================================
  0.2   0    -7.04     -9.12    -9.04    -5.04   4.00        0.08     -2.00
  0.2   1    -7.75     -7.75    -7.75    -7.75   0.00        0.00      0.00
  0.2   2    -8.19     -8.23    -8.19    -6.69   1.50        0.04      0.00
  0.5   0    -7.69     -9.91   -10.19    -9.19   1.00       -0.28     -2.50
  0.5   1    -8.84     -8.84    -8.84    -8.34   0.50        0.00      0.00
  0.5   2    -7.64     -8.08    -8.14    -7.64   0.50       -0.06     -0.50

====================================================================================================
§2  起振时刻仪表(首次判起振的那一步)      [H5/H6]
====================================================================================================
--- T60=0.2 seed=0  带内峰 2558.6Hz / 全带峰 14529.6Hz  带内神谕ΔMSG=3.75
    基线: 首起振 G=-8.54dB  主导频率  14530.0Hz [OUT]  帧RMS峰 +50.8dB  n/a
          |f_trig − 全带峰| =      0.4 Hz   |f_trig − 带内峰| =  11971.4 Hz
    挂8陷: 首起振 G=-4.54dB  主导频率  14532.0Hz [OUT]  帧RMS峰 +101.6dB  不在任何陷波内
          |f_trig − 全带峰| =      2.4 Hz   |f_trig − 带内峰| =  11973.4 Hz

--- T60=0.2 seed=1  带内峰 5506.7Hz / 全带峰 5506.7Hz  带内神谕ΔMSG=6.03
    基线: 首起振 G=-7.25dB  主导频率   5507.0Hz [IN ]  帧RMS峰 +58.7dB  n/a
          |f_trig − 全带峰| =      0.3 Hz   |f_trig − 带内峰| =      0.3 Hz
    挂8陷: 首起振 G=-7.25dB  主导频率  15182.0Hz [OUT]  帧RMS峰 -19.6dB  不在任何陷波内
          |f_trig − 全带峰| =   9675.3 Hz   |f_trig − 带内峰| =   9675.3 Hz

--- T60=0.2 seed=2  带内峰 5378.5Hz / 全带峰 8402.4Hz  带内神谕ΔMSG=7.73
    基线: 首起振 G=-7.69dB  主导频率   5379.0Hz [IN ]  帧RMS峰 +69.0dB  n/a
          |f_trig − 全带峰| =   3023.4 Hz   |f_trig − 带内峰| =      0.5 Hz
    挂8陷: 首起振 G=-6.19dB  主导频率  18895.0Hz [OUT]  帧RMS峰 -10.8dB  不在任何陷波内
          |f_trig − 全带峰| =  10492.6 Hz   |f_trig − 带内峰| =  13516.5 Hz

--- T60=0.5 seed=0  带内峰 2258.9Hz / 全带峰 14529.8Hz  带内神谕ΔMSG=4.69
    基线: 首起振 G=-9.69dB  主导频率  14530.0Hz [OUT]  帧RMS峰 -47.0dB  n/a
          |f_trig − 全带峰| =      0.2 Hz   |f_trig − 带内峰| =  12271.1 Hz
    挂8陷: 首起振 G=-8.69dB  主导频率  14531.0Hz [OUT]  帧RMS峰 -3.5dB  不在任何陷波内
          |f_trig − 全带峰| =      1.2 Hz   |f_trig − 带内峰| =  12272.1 Hz

--- T60=0.5 seed=1  带内峰 7579.4Hz / 全带峰 7579.4Hz  带内神谕ΔMSG=6.61
    基线: 首起振 G=-8.34dB  主导频率   7579.0Hz [IN ]  帧RMS峰 -22.0dB  n/a
          |f_trig − 全带峰| =      0.4 Hz   |f_trig − 带内峰| =      0.4 Hz
    挂8陷: 首起振 G=-7.84dB  主导频率  15182.0Hz [OUT]  帧RMS峰 -20.7dB  不在任何陷波内
          |f_trig − 全带峰| =   7602.6 Hz   |f_trig − 带内峰| =   7602.6 Hz

--- T60=0.5 seed=2  带内峰 4379.2Hz / 全带峰 8402.6Hz  带内神谕ΔMSG=4.48
    基线: 首起振 G=-7.64dB  主导频率   8403.0Hz [OUT]  帧RMS峰 -5.8dB  n/a
          |f_trig − 全带峰| =      0.4 Hz   |f_trig − 带内峰| =   4023.8 Hz
    挂8陷: 首起振 G=-7.14dB  主导频率  17244.0Hz [OUT]  帧RMS峰 -50.5dB  不在任何陷波内
          |f_trig − 全带峰| =   8841.4 Hz   |f_trig − 带内峰| =  12864.8 Hz

====================================================================================================
§3  逐步扫描留痕(G, 起振?, 帧RMS峰dB, 末帧dB) —— 让【晚触发】可见
====================================================================================================
--- T60=0.2 seed=0   MSG_in=-7.04  MSG_full=-9.12
    基线: [-13.0.-57]  [-12.5.-57]  [-12.0.-57]  [-11.5.-57]  [-11.0.-57]  [-10.5.-57]  [-10.0.-57]  [-9.5.-57]  [-9.0.-52]  [-8.5H+51]
    挂8陷: [-13.0.-57]  [-12.5.-57]  [-12.0.-57]  [-11.5.-57]  [-11.0.-57]  [-10.5.-57]  [-10.0.-57]  [-9.5.-57]  [-9.0.-56]  [-8.5.+7]  [-8.0.+17]  [-7.5.+28]  [-7.0.+40]  [-6.5.+51]  [-6.0.+64]  [-5.5.+74]  [-5.0.+87]  [-4.5H+102]

--- T60=0.2 seed=1   MSG_in=-7.75  MSG_full=-7.75
    基线: [-13.7.-58]  [-13.2.-58]  [-12.7.-57]  [-12.2.-57]  [-11.7.-57]  [-11.2.-57]  [-10.7.-57]  [-10.2.-57]  [-9.7.-57]  [-9.2.-57]  [-8.7.-57]  [-8.2.-57]  [-7.7.-55]  [-7.2H+59]
    挂8陷: [-13.7.-57]  [-13.2.-57]  [-12.7.-57]  [-12.2.-57]  [-11.7.-57]  [-11.2.-57]  [-10.7.-57]  [-10.2.-57]  [-9.7.-57]  [-9.2.-57]  [-8.7.-57]  [-8.2.-57]  [-7.7.-56]  [-7.2H-20]

--- T60=0.2 seed=2   MSG_in=-8.19  MSG_full=-8.23
    基线: [-14.2.-57]  [-13.7.-57]  [-13.2.-57]  [-12.7.-57]  [-12.2.-57]  [-11.7.-57]  [-11.2.-57]  [-10.7.-57]  [-10.2.-57]  [-9.7.-57]  [-9.2.-57]  [-8.7.-57]  [-8.2.-55]  [-7.7H+69]
    挂8陷: [-14.2.-57]  [-13.7.-57]  [-13.2.-57]  [-12.7.-57]  [-12.2.-57]  [-11.7.-57]  [-11.2.-57]  [-10.7.-57]  [-10.2.-57]  [-9.7.-57]  [-9.2.-57]  [-8.7.-57]  [-8.2.-57]  [-7.7.-57]  [-7.2.-57]  [-6.7.-56]  [-6.2H-11]

--- T60=0.5 seed=0   MSG_in=-7.69  MSG_full=-9.91
    基线: [-13.7.-57]  [-13.2.-57]  [-12.7.-57]  [-12.2.-57]  [-11.7.-57]  [-11.2.-57]  [-10.7.-57]  [-10.2.-57]  [-9.7H-47]
    挂8陷: [-13.7.-57]  [-13.2.-57]  [-12.7.-57]  [-12.2.-57]  [-11.7.-57]  [-11.2.-57]  [-10.7.-57]  [-10.2.-57]  [-9.7.-57]  [-9.2.-57]  [-8.7H-4]

--- T60=0.5 seed=1   MSG_in=-8.84  MSG_full=-8.84
    基线: [-14.8.-58]  [-14.3.-58]  [-13.8.-58]  [-13.3.-58]  [-12.8.-57]  [-12.3.-57]  [-11.8.-57]  [-11.3.-57]  [-10.8.-57]  [-10.3.-57]  [-9.8.-57]  [-9.3.-57]  [-8.8.-57]  [-8.3H-22]
    挂8陷: [-14.8.-58]  [-14.3.-57]  [-13.8.-57]  [-13.3.-57]  [-12.8.-57]  [-12.3.-57]  [-11.8.-57]  [-11.3.-57]  [-10.8.-57]  [-10.3.-57]  [-9.8.-57]  [-9.3.-57]  [-8.8.-57]  [-8.3.-56]  [-7.8H-21]

--- T60=0.5 seed=2   MSG_in=-7.64  MSG_full=-8.08
    基线: [-13.6.-57]  [-13.1.-57]  [-12.6.-57]  [-12.1.-57]  [-11.6.-57]  [-11.1.-57]  [-10.6.-57]  [-10.1.-57]  [-9.6.-57]  [-9.1.-57]  [-8.6.-57]  [-8.1.-56]  [-7.6H-6]
    挂8陷: [-13.6.-57]  [-13.1.-57]  [-12.6.-57]  [-12.1.-57]  [-11.6.-57]  [-11.1.-57]  [-10.6.-57]  [-10.1.-57]  [-9.6.-57]  [-9.1.-57]  [-8.6.-57]  [-8.1.-57]  [-7.6.-56]  [-7.1H-51]

