r57 · 带限扫描 = P-1 敏感性曲线   (lead 裁定 (c);(a) 加滚降禁止)
deps: clrig.py@8ad47ce8d260dd18 nhs.py@706b658842d84316 howl_detect.py@fd63e901f2d8be33 msg_meter.py
[L2/宿主仿真]  预注册 = PREREG_r57_r58.txt
带限器 = firwin(511, f_cut) 线性相位,零相位对齐(左移 255 < D=384 ⇒ 因果)
⚠ 本表任何数字**不得**直接写成产品带限指标:它是本台架构造下的敏感性,
   真实要求取决于真实电声链响应,我们没有 [L1/L2] 数据。

========================================================================================================
§0  BL-1 前置自检:带限真的发生了吗?(不过则本轮作废)
========================================================================================================
  T60  sd   f_cut    带内max|F|dB  >f_cut+500 的max|F|dB     压制量dB     判
  0.2   0    8000         14.07                -50.25     64.32    OK
  0.2   0   10000         13.11                -52.69     65.79    OK
  0.2   0   12000         12.36                -52.52     64.88    OK
  0.2   0   16000         11.00                -56.86     67.87    OK
  0.2   0   24000          9.26         n/a(=Nyquist)       n/a     —
  0.2   1    8000         14.55                -50.39     64.93    OK
  0.2   1   10000         13.50                -53.15     66.65    OK
  0.2   1   12000         12.65                -51.30     63.95    OK
  0.2   1   16000         11.09                -54.05     65.14    OK
  0.2   1   24000          9.37         n/a(=Nyquist)       n/a     —
  0.2   2    8000         13.22                -53.41     66.63    OK
  0.2   2   10000         12.18                -51.17     63.35    OK
  0.2   2   12000         11.43                -53.05     64.49    OK
  0.2   2   16000         10.12                -54.46     64.58    OK
  0.2   2   24000          8.33         n/a(=Nyquist)       n/a     —
  0.5   0    8000         13.96                -48.89     62.85    OK
  0.5   0   10000         13.00                -51.51     64.50    OK
  0.5   0   12000         12.29                -52.82     65.11    OK
  0.5   0   16000         10.94                -55.63     66.57    OK
  0.5   0   24000          9.15         n/a(=Nyquist)       n/a     —
  0.5   1    8000         13.99                -50.22     64.21    OK
  0.5   1   10000         13.01                -52.32     65.34    OK
  0.5   1   12000         12.22                -51.98     64.20    OK
  0.5   1   16000         10.81                -53.69     64.50    OK
  0.5   1   24000          9.09         n/a(=Nyquist)       n/a     —
  0.5   2    8000         13.93                -52.17     66.10    OK
  0.5   2   10000         12.88                -49.67     62.55    OK
  0.5   2   12000         12.15                -51.62     63.77    OK
  0.5   2   16000         10.86                -52.56     63.43    OK
  0.5   2   24000          9.05         n/a(=Nyquist)       n/a     —
⇒ BL-1 PASS(全部 ≥40dB)

========================================================================================================
§1  逐 f_cut:ΔMSG 带内 / 全带 / 全带峰频        [Hg/Hh]
========================================================================================================
   f_cut  T60  sd    MSG带内    MSG全带  D_band    ΔMSG带内    ΔMSG全带    |差|      全带峰频Hz   峰>8k?
    8000  0.2   0   -11.85   -11.85    0.00      6.03      6.03   0.00      2558.6      no
    8000  0.2   1   -12.93   -12.93    0.00      6.03      6.03   0.00      5506.7      no
    8000  0.2   2   -13.08   -13.08    0.00      7.73      7.73   0.00      5378.5      no
    8000  0.5   0   -12.49   -12.49    0.00      4.69      3.20   1.49      2258.9      no
    8000  0.5   1   -13.75   -13.75    0.00      6.61      6.33   0.28      7579.4      no
    8000  0.5   2   -12.52   -12.52    0.00      4.48      4.48   0.00      4379.2      no
  ── f_cut=8000: 全带峰频 >8kHz 的条数 = 0/6 ; |ΔMSG差| 最大 = 1.49 dB
   10000  0.2   0   -10.89   -10.89    0.00      3.76      3.23   0.52      2558.6      no
   10000  0.2   1   -11.88   -11.88    0.00      6.03      5.46   0.58      5506.7      no
   10000  0.2   2   -12.03   -12.07    0.04      7.73      3.15   4.58      8402.4     YES
   10000  0.5   0   -11.53   -11.53    0.00      4.69      2.04   2.65      2258.9      no
   10000  0.5   1   -12.77   -12.77    0.00      6.61      4.46   2.15      7579.4      no
   10000  0.5   2   -11.46   -11.91    0.45      4.48      1.67   2.81      8402.6     YES
  ── f_cut=10000: 全带峰频 >8kHz 的条数 = 2/6 ; |ΔMSG差| 最大 = 4.58 dB
   12000  0.2   0   -10.14   -10.14    0.00      3.75      0.67   3.08      2558.6      no
   12000  0.2   1   -11.03   -11.03    0.00      6.04      2.73   3.30      5506.7      no
   12000  0.2   2   -11.29   -11.33    0.03      7.73      3.14   4.59      8402.4     YES
   12000  0.5   0   -10.82   -10.82    0.00      4.69      2.04   2.65      2258.9      no
   12000  0.5   1   -11.98   -11.98    0.00      6.62      3.66   2.96      7579.4      no
   12000  0.5   2   -10.74   -11.18    0.44      4.48      1.66   2.83      8402.6     YES
  ── f_cut=12000: 全带峰频 >8kHz 的条数 = 2/6 ; |ΔMSG差| 最大 = 4.59 dB
   16000  0.2   0    -8.79   -10.86    2.07      3.75      0.16   3.59     14529.6     YES
   16000  0.2   1    -9.47    -9.47    0.00      6.03      0.26   5.78      5506.7      no
   16000  0.2   2    -9.98   -10.01    0.04      7.73      2.10   5.64      8402.4     YES
   16000  0.5   0    -9.47   -11.69    2.22      4.69      0.66   4.03     14529.8     YES
   16000  0.5   1   -10.56   -10.56    0.00      6.62      0.53   6.08      7579.4      no
   16000  0.5   2    -9.45    -9.89    0.44      4.48      1.01   3.47      8402.6     YES
  ── f_cut=16000: 全带峰频 >8kHz 的条数 = 4/6 ; |ΔMSG差| 最大 = 6.08 dB
   24000  0.2   0    -7.04    -9.12    2.08      3.75      0.16   3.59     14529.6     YES
   24000  0.2   1    -7.75    -7.75    0.00      6.03      0.26   5.77      5506.7      no
   24000  0.2   2    -8.19    -8.23    0.04      7.73      1.76   5.98      8402.4     YES
   24000  0.5   0    -7.69    -9.91    2.22      4.69      0.66   4.03     14529.8     YES
   24000  0.5   1    -8.84    -8.84    0.00      6.61      0.54   6.08      7579.4      no
   24000  0.5   2    -7.64    -8.08    0.44      4.48      0.66   3.83      8402.6     YES
  ── f_cut=24000: 全带峰频 >8kHz 的条数 = 4/6 ; |ΔMSG差| 最大 = 6.08 dB

⇒ Hg(f_cut=8k):|ΔMSG_全带 − ΔMSG_带内| = [0.0, 0.0, 0.0, 1.49, 0.28, 0.0]  最大 1.49 dB
   ⇒ ⛔ Hg 未全中 ⇒ 还有第二个机制,须单独查
⇒ Hh(f_cut=8k):全带峰频 >8kHz 条数 = 0/6  ⇒ Hh 立

========================================================================================================
§2  闭环确认 @ f_cut=8k,六条种子(duck 已消融 = 锁定被测机制)   [Hi]
========================================================================================================
  T60  sd     m0基线   mk无duck    闭环ΔMSG     ΔMSG全带(表)    |差|   mk带duck    duck贡献
  0.2   0   -11.85     -5.85      6.00          6.03   0.03     -5.85      0.00
  0.2   1   -12.93     -6.93      6.00          6.03   0.03     -6.93      0.00
  0.2   2   -13.08     -5.58      7.50          7.73   0.23     -5.58      0.00
  0.5   0   -12.49     -8.99      3.50          3.20   0.30     -8.99      0.00
