r61 · bw_oct 扫描 + M-1 等代价平坦衰减 baseline
deps: clrig.py@8ad47ce8d260dd18 nhs.py@706b658842d84316 howl_detect.py@fd63e901f2d8be33 msg_meter.py dmsg_two_arm.py
[L2/宿主仿真]  预注册 = PREREG_r61.txt   f_cut=8k / depth=−18dB / 8 槽 / STEP=0.5dB
⚠ 带宽约定 = 代码约定 `bw(Hz) = max(f·bw_oct, 15)`(nhs.py:709 同源),
   **不是** RBJ 严格倍频程带宽 `f·(2^(N/2)−2^(−N/2))`;N=1/5 时两者差 ~1.43×。
⚠ 三臂:ORACLE=神谕选点(上界) / NHS自选=真实性能 / FLAT=等代价平坦(baseline)

================================================================================================================
§1  解析层:代价(检测带中位|N|)· 覆盖率 · 总带宽预算        [Hn1/Hn4]
================================================================================================================
  bw_oct    总带宽(oct)   T60  sd    代价B_o(dB)      覆盖率   FLAT臂ΔMSG=|B_o|
  0.2000        1.60   0.2   0       -11.68    55.6%             11.68
  0.2000        1.60   0.2   1        -9.65    52.7%              9.65
  0.2000        1.60   0.2   2       -12.86    65.0%             12.86
  0.2000        1.60   0.5   0        -9.31    51.4%              9.31
  0.2000        1.60   0.5   1       -10.10    53.9%             10.10
  0.2000        1.60   0.5   2       -12.44    63.5%             12.44
  ── bw=0.2000: 代价中位 -10.89 dB | 覆盖率 57.0% | 总带宽 1.60 oct (文献工程区间 0.8–1.2)
  0.1250        1.00   0.2   0        -5.74    34.0%              5.74
  0.1250        1.00   0.2   1        -6.57    39.3%              6.57
  0.1250        1.00   0.2   2       -12.34    53.8%             12.34
  0.1250        1.00   0.5   0        -9.21    44.2%              9.21
  0.1250        1.00   0.5   1        -7.07    40.0%              7.07
  0.1250        1.00   0.5   2        -9.13    44.8%              9.13
  ── bw=0.1250: 代价中位 -8.10 dB | 覆盖率 42.7% | 总带宽 1.00 oct (文献工程区间 0.8–1.2)
  0.0833        0.67   0.2   0        -3.02    24.0%              3.02
  0.0833        0.67   0.2   1        -3.83    27.6%              3.83
  0.0833        0.67   0.2   2        -7.59    38.9%              7.59
  0.0833        0.67   0.5   0        -6.08    34.9%              6.08
  0.0833        0.67   0.5   1        -3.29    26.1%              3.29
  0.0833        0.67   0.5   2        -6.19    33.4%              6.19
  ── bw=0.0833: 代价中位 -4.95 dB | 覆盖率 30.8% | 总带宽 0.67 oct (文献工程区间 0.8–1.2)

================================================================================================================
§2  闭环三臂(每格经 DMSGReport,缺臂即抛)      [Hn2/Hn3 + M-1]
================================================================================================================
########## T_OBS = 12 s ##########
--- bw_oct = 0.2000  (总带宽 1.60 oct)
  0.2/0 代价-11.68 覆盖55.6% | ORACLE(上界)  6.00 | NHS自选  1.50 | FLAT(等代价baseline) 11.68 | Δwin_oracle -5.68 | Δwin_nhs -10.18
    注:NHS自选挂了 1 个陷波 @[2559.9], g_duck最深 -6.00 dB  ⚠ duck 参与 ⇒ 该列非纯陷波
