未经 critic 评审 —— r64 · 自由槽位起振扫描 + T_OBS 自适应阶梯(B-1(b))
deps: nhs.py@706b658842d84316 clrig.py@8ad47ce8d260dd18 howl_detect.py@fd63e901f2d8be33 msg_meter.py@a0c16fd22b29f083
      r57_bandlimit.py@74036010b514080d r61_bwoct_baseline.py@830f15326cf264f6 dmsg_two_arm.py@53067e5a6a0c3cb5
[L2/宿主仿真]  预注册 = PREREG_r64.txt(跑前落盘)+ 其 §9「跑前修订 A」(A-1 INV-N 三分 / A-2 Hp2 拆 a·b / A-3 未收敛条另计;烟测后·注册跑前追加,§0–§8 未改)
工作点:fs=48k / frame=64 / f_cut=8000(**对被控对象的前提**,非评价频段) / STEP=0.5 / bw_oct=1/5(锁死) / depth=-18.0(臂O) / 8 槽全空(臂N,Na) / nfft=2^18
阶梯:T_OBS ∈ [6.0, 12.0, 24.0, 48.0] s;C1 T_req=6.0×max(1,120/f_min);C2 |ΔΔ|<0.25 dB;T_MAX=48.0 < lift_after_s=60 ✓
三臂:O=神谕选点(**上界**,T_low=999) / N=NHS自选+有duck(产品实际) / Na=NHS自选+duck消融(陷波真实贡献)
⛔ 本轮不扫 bw_oct、不做 M-1 等代价对照(r61 已结算)、不做 SD ⇒ 任何数都不构成『净收益』

======================================================================================================================
### T60=0.2 / seed=0   anchor(MSG_全带解析)=-11.848 dB   [14:13:39]
======================================================================================================================
  T_OBS      m0    ΔMSG_上界    ΔMSG_自选    ΔMSG_自选    f_min   T_req   C1  C2
    (s)              @带限8k     @有duck    @duck消融     (Hz)     (s)
      6  -11.85       6.00       1.50       1.50    186.0     6.0    ✓   ✗
        f_trig: m0=2559.0 O=186.0 N=2558.0 Na=2558.0 Hz
        不变量[OK]: O:N2_lvl=0✅==0 | N:N2_lvl=70,挂陷=1✅动作发生 | Na:N2_lvl=69,挂陷=1✅动作发生
        臂N : 挂陷 1 个 @[2559.9]  g_duck最深 -6.00 dB
        臂Na: 挂陷 1 个 @[2559.9]  g_duck最深 -6.00 dB
     12  -11.85       6.00       1.50       1.50    186.0     6.0    ✓   ✓
        f_trig: m0=2559.0 O=186.0 N=2558.0 Na=2558.0 Hz
        不变量[OK]: O:N2_lvl=0✅==0 | N:N2_lvl=70,挂陷=1✅动作发生 | Na:N2_lvl=69,挂陷=1✅动作发生
        臂N : 挂陷 1 个 @[2559.9]  g_duck最深 -6.00 dB
        臂Na: 挂陷 1 个 @[2559.9]  g_duck最深 -6.00 dB
  ⇒ 收敛:✅ T_OBS=12 s   不变量:OK   [158 s]
  ORACLE(上界)  6.00 | NHS自选  1.50 | FLAT(等代价baseline)   n/a | Δwin_oracle n/a | Δwin_nhs n/a
      注:臂Na(duck消融) 1.50 dB;duck 贡献 +0.00 dB

======================================================================================================================
### T60=0.2 / seed=1   anchor(MSG_全带解析)=-12.933 dB   [14:16:17]
======================================================================================================================
  T_OBS      m0    ΔMSG_上界    ΔMSG_自选    ΔMSG_自选    f_min   T_req   C1  C2
    (s)              @带限8k     @有duck    @duck消融     (Hz)     (s)
      6  -12.93       6.00       2.50       2.00    365.0     6.0    ✓   ✗
        f_trig: m0=5507.0 O=365.0 N=5507.0 Na=1034.0 Hz
        不变量[OK]: O:N2_lvl=0✅==0 | N:N2_lvl=181,挂陷=2✅动作发生 | Na:N2_lvl=248,挂陷=4✅动作发生
        臂N : 挂陷 2 个 @[2517.2, 5504.2]  g_duck最深 -6.00 dB
        臂Na: 挂陷 4 个 @[1033.3, 2517.2, 5504.2, 7580.2]  g_duck最深 -6.00 dB
