未经 critic 评审 —— r64 · 自由槽位起振扫描 + T_OBS 自适应阶梯(B-1(b))
deps: nhs.py@706b658842d84316 clrig.py@8ad47ce8d260dd18 howl_detect.py@fd63e901f2d8be33 msg_meter.py@a0c16fd22b29f083
      r57_bandlimit.py@74036010b514080d r61_bwoct_baseline.py@830f15326cf264f6 dmsg_two_arm.py@53067e5a6a0c3cb5
[L2/宿主仿真]  预注册 = PREREG_r64.txt(跑前落盘)
  + §9「跑前修订 A」 A-1 INV-N 改三分(零动作是**合法的不利结果**,不得剔除)/ A-2 Hp2 拆 a·b / A-3 未收敛条另计一行
  + §10「跑前修订 B」 B-1 INV-O 改**构造精确**(挂陷8 ∧ 频点==picks;旧 `N2_lvl==0` 降为诊断量,证据 r65)/ B-2 作废**按臂不按行** / B-3 臂O 构造逐档打印
  ⚠ 两次修订均在【产出任何数据之前】追加,PREREG §0–§8 一字未改(E-2)。
  ⚠ 14:13:39 曾按修订 A 版启动一次注册跑,14:18:03 主动中止(理由 = §10),**未产出输出文件**;
    日志留存为 r64_run_ABORTED_1418.log,**不得当数据引用**。
工作点:fs=48k / frame=64 / f_cut=8000(**对被控对象的前提**,非评价频段) / STEP=0.5 / bw_oct=1/5(锁死) / depth=-18.0(臂O) / 8 槽全空(臂N,Na) / nfft=2^18
阶梯:T_OBS ∈ [6.0, 12.0, 24.0, 48.0] s;C1 T_req=6.0×max(1,120/f_min);C2 |ΔΔ|<0.25 dB;T_MAX=48.0 < lift_after_s=60 ✓
三臂:O=神谕选点(**上界**,T_low=999) / N=NHS自选+有duck(产品实际) / Na=NHS自选+duck消融(陷波真实贡献)
⛔ 本轮不扫 bw_oct、不做 M-1 等代价对照(r61 已结算)、不做 SD ⇒ 任何数都不构成『净收益』

======================================================================================================================
### T60=0.2 / seed=0   anchor(MSG_全带解析)=-11.848 dB   [14:23:04]
======================================================================================================================
  T_OBS      m0    ΔMSG_上界    ΔMSG_自选    ΔMSG_自选    f_min   T_req   C1  C2
    (s)              @带限8k     @有duck    @duck消融     (Hz)     (s)
      6  -11.85       6.00       1.50       1.50    186.0     6.0    ✓   ✗
        f_trig: m0=2559.0 O=186.0 N=2558.0 Na=2558.0 Hz
        不变量[O:OK | N:OK]: O:挂陷=8/8,频点==picks:True✅未发生新分配(诊断 N2_lvl=0,非判据) | N:N2_lvl=70,挂陷=1✅动作发生 | Na:N2_lvl=69,挂陷=1✅动作发生
        臂O : 挂陷 8 个 @[590.3, 1082.1, 1556.2, 2041.6, 2558.6, 3279.8, 4641.7, 6194.6]  g_duck最深 +0.00 dB  preempt=0
        臂N : 挂陷 1 个 @[2559.9]  g_duck最深 -6.00 dB
        臂Na: 挂陷 1 个 @[2559.9]  g_duck最深 -6.00 dB
     12  -11.85       6.00       1.50       1.50    186.0     6.0    ✓   ✓
        f_trig: m0=2559.0 O=186.0 N=2558.0 Na=2558.0 Hz
        不变量[O:OK | N:OK]: O:挂陷=8/8,频点==picks:True✅未发生新分配(诊断 N2_lvl=0,非判据) | N:N2_lvl=70,挂陷=1✅动作发生 | Na:N2_lvl=69,挂陷=1✅动作发生
        臂O : 挂陷 8 个 @[590.3, 1082.1, 1556.2, 2041.6, 2558.6, 3279.8, 4641.7, 6194.6]  g_duck最深 +0.00 dB  preempt=0
        臂N : 挂陷 1 个 @[2559.9]  g_duck最深 -6.00 dB
        臂Na: 挂陷 1 个 @[2559.9]  g_duck最深 -6.00 dB
  ⇒ 收敛:✅ T_OBS=12 s   不变量 O:OK / N:OK(**按臂作废,不按行**,修订 B-2)   [157 s]
  ORACLE(上界)  6.00 | NHS自选  1.50 | FLAT(等代价baseline)   n/a | Δwin_oracle n/a | Δwin_nhs n/a
      注:臂Na(duck消融) 1.50 dB;duck 贡献 +0.00 dB

======================================================================================================================
### T60=0.2 / seed=1   anchor(MSG_全带解析)=-12.933 dB   [14:25:41]
======================================================================================================================
  T_OBS      m0    ΔMSG_上界    ΔMSG_自选    ΔMSG_自选    f_min   T_req   C1  C2
    (s)              @带限8k     @有duck    @duck消融     (Hz)     (s)
      6  -12.93       6.00       2.50       2.00    365.0     6.0    ✓   ✗
        f_trig: m0=5507.0 O=365.0 N=5507.0 Na=1034.0 Hz
        不变量[O:OK | N:OK]: O:挂陷=8/8,频点==picks:True✅未发生新分配(诊断 N2_lvl=0,非判据) | N:N2_lvl=181,挂陷=2✅动作发生 | Na:N2_lvl=248,挂陷=4✅动作发生
        臂O : 挂陷 8 个 @[108.9, 531.1, 1035.3, 1399.3, 2518.7, 3824.1, 5506.7, 7579.7]  g_duck最深 +0.00 dB  preempt=0
        臂N : 挂陷 2 个 @[2517.2, 5504.2]  g_duck最深 -6.00 dB
        臂Na: 挂陷 4 个 @[1033.3, 2517.2, 5504.2, 7580.2]  g_duck最深 -6.00 dB
     12  -12.93       6.00       2.50       2.00    365.0     6.0    ✓   ✓
        f_trig: m0=5507.0 O=365.0 N=5507.0 Na=1034.0 Hz
        不变量[O:OK | N:OK]: O:挂陷=8/8,频点==picks:True✅未发生新分配(诊断 N2_lvl=0,非判据) | N:N2_lvl=228,挂陷=3✅动作发生 | Na:N2_lvl=248,挂陷=4✅动作发生
        臂O : 挂陷 8 个 @[108.9, 531.1, 1035.3, 1399.3, 2518.7, 3824.1, 5506.7, 7579.7]  g_duck最深 +0.00 dB  preempt=0
        臂N : 挂陷 3 个 @[1033.4, 2517.2, 5504.2]  g_duck最深 -6.00 dB
        臂Na: 挂陷 4 个 @[1033.3, 2517.2, 5504.2, 7580.2]  g_duck最深 -6.00 dB
  ⇒ 收敛:✅ T_OBS=12 s   不变量 O:OK / N:OK(**按臂作废,不按行**,修订 B-2)   [165 s]
  ORACLE(上界)  6.00 | NHS自选  2.50 | FLAT(等代价baseline)   n/a | Δwin_oracle n/a | Δwin_nhs n/a
      注:臂Na(duck消融) 2.00 dB;duck 贡献 +0.50 dB

======================================================================================================================
### T60=0.2 / seed=2   anchor(MSG_全带解析)=-13.079 dB   [14:28:26]
======================================================================================================================
  T_OBS      m0    ΔMSG_上界    ΔMSG_自选    ΔMSG_自选    f_min   T_req   C1  C2
    (s)              @带限8k     @有duck    @duck消融     (Hz)     (s)
      6  -13.08       7.50       1.50       1.50    503.0     6.0    ✓   ✗
        f_trig: m0=5379.0 O=503.0 N=5379.0 Na=5379.0 Hz
        不变量[O:OK | N:OK]: O:挂陷=8/8,频点==picks:True✅未发生新分配(诊断 N2_lvl=0,非判据) | N:N2_lvl=96,挂陷=1✅动作发生 | Na:N2_lvl=95,挂陷=1✅动作发生
        臂O : 挂陷 8 个 @[716.5, 1030.5, 1800.1, 2402.3, 3114.9, 4179.0, 5378.5, 7062.2]  g_duck最深 +0.00 dB  preempt=0
        臂N : 挂陷 1 个 @[5377.3]  g_duck最深 -6.00 dB
        臂Na: 挂陷 1 个 @[5377.3]  g_duck最深 -6.00 dB
     12  -13.08       7.50       1.50       1.50    503.0     6.0    ✓   ✓
        f_trig: m0=5379.0 O=503.0 N=5379.0 Na=5379.0 Hz
        不变量[O:OK | N:OK]: O:挂陷=8/8,频点==picks:True✅未发生新分配(诊断 N2_lvl=0,非判据) | N:N2_lvl=96,挂陷=1✅动作发生 | Na:N2_lvl=95,挂陷=1✅动作发生
        臂O : 挂陷 8 个 @[716.5, 1030.5, 1800.1, 2402.3, 3114.9, 4179.0, 5378.5, 7062.2]  g_duck最深 +0.00 dB  preempt=0
        臂N : 挂陷 1 个 @[5377.3]  g_duck最深 -6.00 dB
        臂Na: 挂陷 1 个 @[5377.3]  g_duck最深 -6.00 dB
  ⇒ 收敛:✅ T_OBS=12 s   不变量 O:OK / N:OK(**按臂作废,不按行**,修订 B-2)   [165 s]
  ORACLE(上界)  7.50 | NHS自选  1.50 | FLAT(等代价baseline)   n/a | Δwin_oracle n/a | Δwin_nhs n/a
      注:臂Na(duck消融) 1.50 dB;duck 贡献 +0.00 dB

======================================================================================================================
### T60=0.5 / seed=0   anchor(MSG_全带解析)=-12.491 dB   [14:31:11]
======================================================================================================================
  T_OBS      m0    ΔMSG_上界    ΔMSG_自选    ΔMSG_自选    f_min   T_req   C1  C2
    (s)              @带限8k     @有duck    @duck消融     (Hz)     (s)
      6  -12.49       3.50       3.00       0.50     52.0    13.8    ✗   ✗
        f_trig: m0=2259.0 O=52.0 N=4641.0 Na=2258.0 Hz
        不变量[O:OK | N:OK]: O:挂陷=8/8,频点==picks:True✅未发生新分配(诊断 N2_lvl=0,非判据) | N:N2_lvl=282,挂陷=1✅动作发生 | Na:N2_lvl=99,挂陷=2✅动作发生
        臂O : 挂陷 8 个 @[188.7, 590.1, 1303.9, 1635.6, 2258.9, 2791.0, 4641.4, 6892.3]  g_duck最深 +0.00 dB  preempt=0
        臂N : 挂陷 1 个 @[4641.2]  g_duck最深 -6.00 dB
        臂Na: 挂陷 2 个 @[2261.4, 4641.4]  g_duck最深 -6.00 dB
     12  -12.49       3.00       2.50       0.50     52.0    13.8    ✗   ✗
        f_trig: m0=2259.0 O=52.0 N=2258.0 Na=2258.0 Hz
        不变量[O:OK | N:OK]: O:挂陷=8/8,频点==picks:True✅未发生新分配(诊断 N2_lvl=0,非判据) | N:N2_lvl=198,挂陷=1✅动作发生 | Na:N2_lvl=99,挂陷=2✅动作发生
        臂O : 挂陷 8 个 @[188.7, 590.1, 1303.9, 1635.6, 2258.9, 2791.0, 4641.4, 6892.3]  g_duck最深 +0.00 dB  preempt=0
        臂N : 挂陷 1 个 @[4641.2]  g_duck最深 -6.00 dB
        臂Na: 挂陷 2 个 @[2261.4, 4641.4]  g_duck最深 -6.00 dB
     24  -12.49       3.00       2.00       0.50     52.0    13.8    ✓   ✗
        f_trig: m0=2259.0 O=52.0 N=2694.0 Na=2695.0 Hz
        不变量[O:OK | N:OK]: O:挂陷=8/8,频点==picks:True✅未发生新分配(诊断 N2_lvl=0,非判据) | N:N2_lvl=154,挂陷=2✅动作发生 | Na:N2_lvl=99,挂陷=2✅动作发生
        臂O : 挂陷 8 个 @[188.7, 590.1, 1303.9, 1635.6, 2258.9, 2791.0, 4641.4, 6892.3]  g_duck最深 +0.00 dB  preempt=0
        臂N : 挂陷 2 个 @[2691.9, 4641.2]  g_duck最深 -6.00 dB
        臂Na: 挂陷 2 个 @[2261.4, 4641.4]  g_duck最深 -6.00 dB
     48  -12.49       3.00       2.50       2.50     52.0    13.8    ✓   ✗
        f_trig: m0=2259.0 O=52.0 N=2694.0 Na=52.0 Hz
        不变量[O:OK | N:OK]: O:挂陷=8/8,频点==picks:True✅未发生新分配(诊断 N2_lvl=0,非判据) | N:N2_lvl=10068,挂陷=8✅动作发生 | Na:N2_lvl=1848,挂陷=4✅动作发生
        臂O : 挂陷 8 个 @[188.7, 590.1, 1303.9, 1635.6, 2258.9, 2791.0, 4641.4, 6892.3]  g_duck最深 +0.00 dB  preempt=0
        臂N : 挂陷 8 个 @[188.3, 236.6, 439.8, 1357.9, 2262.1, 4641.2, 5887.8, 6892.6]  g_duck最深 -6.00 dB
        臂Na: 挂陷 4 个 @[1551.4, 2691.9, 4641.2, 6892.5]  g_duck最深 -6.00 dB
  ⇒ 收敛:⛔ 未收敛@48s   不变量 O:OK / N:OK(**按臂作废,不按行**,修订 B-2)   [1460 s]
  ORACLE(上界)  3.00 | NHS自选  2.50 | FLAT(等代价baseline)   n/a | Δwin_oracle n/a | Δwin_nhs n/a
      注:臂Na(duck消融) 2.50 dB;duck 贡献 +0.00 dB

======================================================================================================================
### T60=0.5 / seed=1   anchor(MSG_全带解析)=-13.751 dB   [14:55:31]
======================================================================================================================
  T_OBS      m0    ΔMSG_上界    ΔMSG_自选    ΔMSG_自选    f_min   T_req   C1  C2
    (s)              @带限8k     @有duck    @duck消融     (Hz)     (s)
      6  -13.75       6.50       4.00       0.50    213.0     6.0    ✓   ✗
        f_trig: m0=7579.0 O=213.0 N=7580.0 Na=1035.0 Hz
        不变量[O:OK | N:OK]: O:挂陷=8/8,频点==picks:True✅未发生新分配(诊断 N2_lvl=0,非判据) | N:N2_lvl=334,挂陷=2✅动作发生 | Na:N2_lvl=50,挂陷=1✅动作发生
        臂O : 挂陷 8 个 @[368.4, 529.0, 1035.2, 1399.7, 2518.2, 4054.9, 5506.0, 7579.4]  g_duck最深 +0.00 dB  preempt=0
        臂N : 挂陷 2 个 @[1033.8, 5502.8]  g_duck最深 -6.00 dB
        臂Na: 挂陷 1 个 @[7578.9]  g_duck最深 -6.00 dB
     12  -13.75       6.50       1.00       0.50     22.0    32.7    ✗   ✗
        f_trig: m0=7579.0 O=22.0 N=7580.0 Na=1035.0 Hz   ⚠回落重扫:N@lo=-11.25
        不变量[O:OK | N:OK]: O:挂陷=8/8,频点==picks:True✅未发生新分配(诊断 N2_lvl=0,非判据) | N:N2_lvl=147,挂陷=1✅动作发生 | Na:N2_lvl=97,挂陷=2✅动作发生
        臂O : 挂陷 8 个 @[368.4, 529.0, 1035.2, 1399.7, 2518.2, 4054.9, 5506.0, 7579.4]  g_duck最深 +0.00 dB  preempt=0
        臂N : 挂陷 1 个 @[7578.9]  g_duck最深 -6.00 dB
        臂Na: 挂陷 2 个 @[1033.6, 7578.9]  g_duck最深 -6.00 dB
     24  -13.75       6.50       0.50       0.50     22.0    32.7    ✗   ✗
        f_trig: m0=7579.0 O=22.0 N=1034.0 Na=1035.0 Hz
        不变量[O:OK | N:OK]: O:挂陷=8/8,频点==picks:True✅未发生新分配(诊断 N2_lvl=0,非判据) | N:N2_lvl=93,挂陷=2✅动作发生 | Na:N2_lvl=97,挂陷=2✅动作发生
        臂O : 挂陷 8 个 @[368.4, 529.0, 1035.2, 1399.7, 2518.2, 4054.9, 5506.0, 7579.4]  g_duck最深 +0.00 dB  preempt=0
        臂N : 挂陷 2 个 @[1033.6, 7578.9]  g_duck最深 -6.00 dB
        臂Na: 挂陷 2 个 @[1033.6, 7578.9]  g_duck最深 -6.00 dB
     48  -13.75       6.00       4.00       1.00     22.0    32.7    ✓   ✗
        f_trig: m0=7579.0 O=22.0 N=22.0 Na=22.0 Hz
        不变量[O:OK | N:OK]: O:挂陷=8/8,频点==picks:True✅未发生新分配(诊断 N2_lvl=0,非判据) | N:N2_lvl=1095,挂陷=5✅动作发生 | Na:N2_lvl=5526,挂陷=2✅动作发生
        臂O : 挂陷 8 个 @[368.4, 529.0, 1035.2, 1399.7, 2518.2, 4054.9, 5506.0, 7579.4]  g_duck最深 +0.00 dB  preempt=0
        臂N : 挂陷 5 个 @[1033.8, 2517.3, 4051.3, 5502.8, 7580.3]  g_duck最深 -6.00 dB
        臂Na: 挂陷 2 个 @[1033.6, 7578.9]  g_duck最深 -6.00 dB
  ⇒ 收敛:⛔ 未收敛@48s   不变量 O:OK / N:OK(**按臂作废,不按行**,修订 B-2)   [1623 s]
  ORACLE(上界)  6.00 | NHS自选  4.00 | FLAT(等代价baseline)   n/a | Δwin_oracle n/a | Δwin_nhs n/a
      注:臂Na(duck消融) 1.00 dB;duck 贡献 +3.00 dB

======================================================================================================================
### T60=0.5 / seed=2   anchor(MSG_全带解析)=-12.519 dB   [15:22:34]
======================================================================================================================
  T_OBS      m0    ΔMSG_上界    ΔMSG_自选    ΔMSG_自选    f_min   T_req   C1  C2
    (s)              @带限8k     @有duck    @duck消融     (Hz)     (s)
      6  -12.52       4.50       3.50       2.00    170.0     6.0    ✓   ✗
        f_trig: m0=7062.0 O=170.0 N=5380.0 Na=3113.0 Hz
        不变量[O:OK | N:OK]: O:挂陷=8/8,频点==picks:True✅未发生新分配(诊断 N2_lvl=0,非判据) | N:N2_lvl=362,挂陷=1✅动作发生 | Na:N2_lvl=289,挂陷=3✅动作发生
        臂O : 挂陷 8 个 @[506.4, 716.2, 1518.5, 2403.0, 3114.8, 4379.2, 5378.1, 7061.7]  g_duck最深 +0.00 dB  preempt=0
        臂N : 挂陷 1 个 @[5377.1]  g_duck最深 -6.00 dB
        臂Na: 挂陷 3 个 @[717.0, 5377.0, 7062.4]  g_duck最深 -6.00 dB
     12  -12.52       4.50       2.00       1.50    170.0     6.0    ✓   ✗
        f_trig: m0=7062.0 O=170.0 N=3114.0 Na=3113.0 Hz
        不变量[O:OK | N:OK]: O:挂陷=8/8,频点==picks:True✅未发生新分配(诊断 N2_lvl=0,非判据) | N:N2_lvl=252,挂陷=3✅动作发生 | Na:N2_lvl=158,挂陷=2✅动作发生
        臂O : 挂陷 8 个 @[506.4, 716.2, 1518.5, 2403.0, 3114.8, 4379.2, 5378.1, 7061.7]  g_duck最深 +0.00 dB  preempt=0
        臂N : 挂陷 3 个 @[717.0, 4377.2, 5377.0]  g_duck最深 -6.00 dB
        臂Na: 挂陷 2 个 @[5377.0, 7062.4]  g_duck最深 -6.00 dB
     24  -12.52       4.50       2.00       2.00    170.0     6.0    ✓   ✗
        f_trig: m0=7062.0 O=170.0 N=1476.0 Na=1477.0 Hz
        不变量[O:OK | N:OK]: O:挂陷=8/8,频点==picks:True✅未发生新分配(诊断 N2_lvl=0,非判据) | N:N2_lvl=252,挂陷=3✅动作发生 | Na:N2_lvl=1252,挂陷=4✅动作发生
        臂O : 挂陷 8 个 @[506.4, 716.2, 1518.5, 2403.0, 3114.8, 4379.2, 5378.1, 7061.7]  g_duck最深 +0.00 dB  preempt=0
        臂N : 挂陷 3 个 @[717.0, 4377.2, 5377.0]  g_duck最深 -6.00 dB
        臂Na: 挂陷 4 个 @[717.0, 3111.9, 5377.0, 7062.4]  g_duck最深 -6.00 dB
