未经 critic 评审 —— r65 · 臂 O 构造完整性 + INV-O 可失败性   [L2/宿主仿真]
deps: nhs.py@706b658842d84316 clrig.py@8ad47ce8d260dd18 r57_bandlimit.py@74036010b514080d r61_bwoct_baseline.py@830f15326cf264f6
工作点:f_cut=8k / bw_oct=1/5 / depth=-18.0 / T_OBS=6.0s / frame=64 / 8 槽
代码事实:nhs.py:396-401  `cov=_notch_covers(bin)` ⇒ `gr_ok or cov` ⇒ gate=T_low_gr(−65)
         ⇒ 臂O 的 8 个预挂频点门 = −65 dBFS,**不是 999** ⇒ 维持路径一直开着

  T60  sd  Δ(dB)       G    臂O:N2_lvl  N3_gate   挂陷   频点==picks preempt  ||     臂N:挂陷   频点==picks
  -- T60=0.2/sd=0  anchor=-11.85  r57读数点 Δ=6.00 ⇒ G≈-5.85   picks=[590.3, 1082.1, 1556.2, 2041.6, 2558.6, 3279.8, 4641.7, 6194.6]
  0.2   0   0.00  -11.85            0        0    8        True       0  ||         0       False
  0.2   0   2.00   -9.85            0        0    8        True       0  ||         0       False
  0.2   0   4.00   -7.85            0        0    8        True       0  ||         5       False
  0.2   0   6.00   -5.85            0        0    8        True       0  ||         3       False  ← r57 读数点
  0.2   0   8.00   -3.85          611        0    8        True       0  ||         6       False

  -- T60=0.2/sd=1  anchor=-12.93  r57读数点 Δ=6.00 ⇒ G≈-6.93   picks=[108.9, 531.1, 1035.3, 1399.3, 2518.7, 3824.1, 5506.7, 7579.7]
  0.2   1   0.00  -12.93            0        0    8        True       0  ||         0       False
  0.2   1   2.00  -10.93            0        0    8        True       0  ||         1       False
  0.2   1   4.00   -8.93            0        0    8        True       0  ||         2       False
  0.2   1   6.00   -6.93            0        0    8        True       0  ||         3       False  ← r57 读数点
  0.2   1   8.00   -4.93          374        0    8        True       0  ||         4       False

  -- T60=0.2/sd=2  anchor=-13.08  r57读数点 Δ=7.50 ⇒ G≈-5.58   picks=[716.5, 1030.5, 1800.1, 2402.3, 3114.9, 4179.0, 5378.5, 7062.2]
  0.2   2   0.00  -13.08            0        0    8        True       0  ||         0       False
  0.2   2   2.00  -11.08            0        0    8        True       0  ||         0       False
  0.2   2   4.00   -9.08            0        0    8        True       0  ||         2       False
  0.2   2   6.00   -7.08            0        0    8        True       0  ||         2       False
  0.2   2   7.50   -5.58            0        0    8        True       0  ||         3       False  ← r57 读数点
  0.2   2   8.00   -5.08            0        0    8        True       0  ||         2       False

  -- T60=0.5/sd=0  anchor=-12.49  r57读数点 Δ=3.50 ⇒ G≈-8.99   picks=[188.7, 590.1, 1303.9, 1635.6, 2258.9, 2791.0, 4641.4, 6892.3]
  0.5   0   0.00  -12.49            0        0    8        True       0  ||         0       False
  0.5   0   2.00  -10.49            0        0    8        True       0  ||         1       False
  0.5   0   3.50   -8.99            0        0    8        True       0  ||         2       False  ← r57 读数点
  0.5   0   4.00   -8.49            0        0    8        True       0  ||         1       False
  0.5   0   6.00   -6.49          775        0    8        True       0  ||         3       False
  0.5   0   8.00   -4.49          318        0    8        True       0  ||         2       False

  -- T60=0.5/sd=1  anchor=-13.75  r57读数点 Δ=6.50 ⇒ G≈-7.25   picks=[368.4, 529.0, 1035.2, 1399.7, 2518.2, 4054.9, 5506.0, 7579.4]
  0.5   1   0.00  -13.75            0        0    8        True       0  ||         0       False
  0.5   1   2.00  -11.75            0        0    8        True       0  ||         1       False
  0.5   1   4.00   -9.75            0        0    8        True       0  ||         2       False
  0.5   1   6.00   -7.75            0        0    8        True       0  ||         3       False
  0.5   1   6.50   -7.25            0        0    8        True       0  ||         2       False  ← r57 读数点
  0.5   1   8.00   -5.75          586        0    8        True       0  ||         1       False

  -- T60=0.5/sd=2  anchor=-12.52  r57读数点 Δ=4.50 ⇒ G≈-8.02   picks=[506.4, 716.2, 1518.5, 2403.0, 3114.8, 4379.2, 5378.1, 7061.7]
  0.5   2   0.00  -12.52            0        0    8        True       0  ||         0       False
  0.5   2   2.00  -10.52            0        0    8        True       0  ||         2       False
  0.5   2   4.00   -8.52            0        0    8        True       0  ||         1       False
  0.5   2   4.50   -8.02            0        0    8        True       0  ||         1       False  ← r57 读数点
  0.5   2   6.00   -6.52          355        0    8        True       0  ||         1       False
  0.5   2   8.00   -4.52          426        0    8        True       0  ||         0       False

==============================================================================================================
§S  预注册假设逐条对表(机械事实;判读由人在看到数之后写)
==============================================================================================================
  Hq1 在 r57 读数点上臂 O 构造**已散掉**的条(证伪条件:≥1):0  []
  Hq2 `N2_lvl>0` 而构造完好(⇒ INV-O 偏严、会把好数据判 FAIL)的 (T60,sd,Δ,N2_lvl):
      共 7 例  [(0.2, 0, 8.0, 611), (0.2, 1, 8.0, 374), (0.5, 0, 6.0, 775), (0.5, 0, 8.0, 318), (0.5, 1, 8.0, 586), (0.5, 2, 6.0, 355), (0.5, 2, 8.0, 426)]
  Hq3 见上表『臂N:频点==picks』列 —— 若恒为 True 则该判据无分辨力(D6-d)

⛔ 未经 critic 评审;本文件不含结论性判读。
