未经 critic 评审 —— r66b · 诊断 r66a 的 Hb2 失败(直接观测,不推断)
[L2/宿主仿真]  deps: nhs.py(已加 growth_and_gate) clrig.py@8ad47ce8d260dd18

====================================================================================================
观测 1 · 可达性计数 —— `N_bypass` = #{imsd_hit=False ∧ rapid_onset=True ∧ relaxed=False}
          (= 开关唯一能改变结果的那一格;`_imsd` 只在 `nhs.py:863` 被调用)
====================================================================================================
  T60  sd     Δ        判据求值次数   rapid_onset为真    imsd命中   ⭐N_bypass    GROWTH入选
  0.2   0  -1.0             0               0         0           0           0
  0.2   0  +1.0            49               0         0           0           0
  0.2   0  +3.0           139               0        31           0          31
  0.2   1  -1.0             0               0         0           0           0
  0.2   1  +1.0            50               0         0           0           0
  0.2   1  +3.0           422               0         6           0           6
  0.2   2  -1.0             0               0         0           0           0
  0.2   2  +1.0            50               0         0           0           0
  0.2   2  +3.0           127               0         6           0           6
  0.5   0  -1.0             0               0         0           0           0
  0.5   0  +1.0           107               0         0           0           0
  0.5   0  +3.0           231               0         0           0           0
  0.5   1  -1.0             0               0         0           0           0
  0.5   1  +1.0           109               0         0           0           0
  0.5   1  +3.0           128               0         5           0           5
  0.5   2  -1.0             0               0         0           0           0
  0.5   2  +1.0           159               0         0           0           0
  0.5   2  +3.0           231               0        19           0          19
----------------------------------------------------------------------------------------------------
             合计            1802               0        67           0          67

⇒ N_bypass 合计 = **0**  ⇒ 假说 (c) 成立:该 OR 旁路在这些工作点上从未被走过

====================================================================================================
观测 2 · 接线测试(构造开关【应该】响应的输入)⛔ 非真实工况,数不得作性能引用
====================================================================================================
  T60  sd     Δ       gate=False 的分类数      gate=True 的分类数          开关是否生效
  0.2   0  -1.0                     0                   0           ⛔ 无差异
  0.2   0  +1.0                     6                  19            ✅ 生效
  0.2   0  +3.0                    19                  24            ✅ 生效
  0.2   1  -1.0                     0                   0           ⛔ 无差异
  0.2   1  +1.0                     7                  20            ✅ 生效
  0.2   1  +3.0                    22                  24            ✅ 生效
  0.2   2  -1.0                     0                   0           ⛔ 无差异
  0.2   2  +1.0                     6                  20            ✅ 生效
  0.2   2  +3.0                    16                  23            ✅ 生效
  0.5   0  -1.0                     0                   0           ⛔ 无差异
  0.5   0  +1.0                    12                  25            ✅ 生效
  0.5   0  +3.0                    26                  49            ✅ 生效
  0.5   1  -1.0                     0                   0           ⛔ 无差异
  0.5   1  +1.0                    96                  26            ✅ 生效
  0.5   1  +3.0                    76                  52            ✅ 生效
  0.5   2  -1.0                     0                   0           ⛔ 无差异
  0.5   2  +1.0                    13                  35            ✅ 生效
  0.5   2  +3.0                    24                  43            ✅ 生效
----------------------------------------------------------------------------------------------------
⇒ 接线测试:**12/18 格证明开关确实控制该分支**  ⇒ 假说 (a)(b) 排除

⛔ 未经 critic 评审;本文件不含结论性判读。
