未经 critic 评审 —— r67 · R_RISE 扫描(两阶段:先可达性,再 ΔMSG)
deps: nhs.py@31decc8e8d07e085 clrig.py@8ad47ce8d260dd18 howl_detect.py@fd63e901f2d8be33
      msg_meter.py@a0c16fd22b29f083 r57_bandlimit.py@74036010b514080d
[L2/宿主仿真]  预注册 = PREREG_r67.txt
R_RISE ∈ [18.0, 10.0, 6.0, 3.0](其余门不动:N_RISE=2 / S_PLAT=2.0 / MIN_PLAT=3)
⚠ **算力截断(显式留痕)**:阶段 B 阶梯截断为 [6.0, 12.0] s,**不跑 24/48**;理由见 PREREG §算力截断
⚠ 臂 O 本轮不跑(T_low=999 ⇒ 无候选过门 ⇒ R_RISE 对它恒无影响);上界列引用 r64

========================================================================================================
阶段 A · 可达性(固定增益,不做扫描)—— 门控:触发数为 0 的档不进阶段 B
========================================================================================================
  R_RISE |    T60  sd     Δ |  rapid_onset    GROWTH入选      挂陷
    18.0 |    0.2   0   1.0 |            0           0       1
    18.0 |    0.2   0   3.0 |            0          31       5
    18.0 |    0.2   1   1.0 |            0           0       1
    18.0 |    0.2   1   3.0 |            0           6       1
    18.0 |    0.2   2   1.0 |            0           0       1
    18.0 |    0.2   2   3.0 |            0           6       3
    18.0 |    0.5   0   1.0 |            0           0       1
    18.0 |    0.5   0   3.0 |            0           0       1
    18.0 |    0.5   1   1.0 |            0           0       1
    18.0 |    0.5   1   3.0 |            0           5       1
    18.0 |    0.5   2   1.0 |            0           0       2
    18.0 |    0.5   2   3.0 |            0          19       1
  ── R_RISE=18.0 合计 rapid_onset 触发 = **0**  ⇒ **不进阶段 B**(触发为 0)
    10.0 |    0.2   0   1.0 |            0           0       1
    10.0 |    0.2   0   3.0 |            0          31       5
    10.0 |    0.2   1   1.0 |            0           0       1
    10.0 |    0.2   1   3.0 |            0           6       1
    10.0 |    0.2   2   1.0 |            0           0       1
    10.0 |    0.2   2   3.0 |            0           6       3
    10.0 |    0.5   0   1.0 |            0           0       1
    10.0 |    0.5   0   3.0 |            0           0       1
    10.0 |    0.5   1   1.0 |            0           0       1
    10.0 |    0.5   1   3.0 |            0           5       1
    10.0 |    0.5   2   1.0 |            0           0       2
    10.0 |    0.5   2   3.0 |           18          21       1
  ── R_RISE=10.0 合计 rapid_onset 触发 = **18**  ⇒ 进阶段 B
     6.0 |    0.2   0   1.0 |            0           0       1
     6.0 |    0.2   0   3.0 |            0          31       5
     6.0 |    0.2   1   1.0 |            0           0       1
     6.0 |    0.2   1   3.0 |            0           6       1
     6.0 |    0.2   2   1.0 |            0           0       1
     6.0 |    0.2   2   3.0 |            0           6       3
     6.0 |    0.5   0   1.0 |            0           0       1
     6.0 |    0.5   0   3.0 |            0           0       1
     6.0 |    0.5   1   1.0 |            0           0       1
     6.0 |    0.5   1   3.0 |            0           5       1
     6.0 |    0.5   2   1.0 |            0           0       2
     6.0 |    0.5   2   3.0 |           18          21       1
  ── R_RISE=6.0 合计 rapid_onset 触发 = **18**  ⇒ 进阶段 B
     3.0 |    0.2   0   1.0 |            0           0       1
     3.0 |    0.2   0   3.0 |           78          43       5
     3.0 |    0.2   1   1.0 |            0           0       1
     3.0 |    0.2   1   3.0 |            0           6       1
     3.0 |    0.2   2   1.0 |            0           0       1
     3.0 |    0.2   2   3.0 |           20          12       1
     3.0 |    0.5   0   1.0 |            0           0       1
     3.0 |    0.5   0   3.0 |            0           0       1
     3.0 |    0.5   1   1.0 |            0           0       1
     3.0 |    0.5   1   3.0 |            0           5       1
     3.0 |    0.5   2   1.0 |            0           0       2
     3.0 |    0.5   2   3.0 |           67          49       1
  ── R_RISE=3.0 合计 rapid_onset 触发 = **165**  ⇒ 进阶段 B

⇒ 阶段 A 门控结果:进阶段 B 的档 = [10.0, 6.0, 3.0]

========================================================================================================
阶段 B · ΔMSG 同档配对 + §4 选点轴 + 误报侧
========================================================================================================
 R_RISE   T60  sd T_OBS |       m0ΔMSG_有duck   ΔMSG_消融 | top1_hithit@BW/2     cov |  c8ext c8howl | 不变量/挂陷
   18.0   0.2   0     6 |   -11.85     1.50      1.50 |    True    1.00    0.12 |      0      1 | OK/1 ⛔m0≠r64(-11.85)
   18.0   0.2   0    12 |   -11.85     1.50      1.50 |    True    1.00    0.12 |      0      1 | OK/1 ⛔m0≠r64(-11.85)
   18.0   0.2   1     6 |   -12.93     2.50      2.00 |    True    1.00    0.25 |      0      1 | OK/2 ⛔m0≠r64(-12.93)
   18.0   0.2   1    12 |   -12.93     2.50      2.00 |    True    1.00    0.38 |      0      2 | OK/3 ⛔m0≠r64(-12.93)
   18.0   0.2   2     6 |   -13.08     1.50      1.50 |    True    1.00    0.12 |      0      1 | OK/1 ⛔m0≠r64(-13.08)
   18.0   0.2   2    12 |   -13.08     1.50      1.50 |    True    1.00    0.12 |      0      1 | OK/1 ⛔m0≠r64(-13.08)
   18.0   0.5   0     6 |   -12.49     3.00      0.50 |   False    1.00    0.12 |      2      1 | OK/1 ⛔m0≠r64(-12.49)
   18.0   0.5   0    12 |   -12.49     2.50      0.50 |   False    1.00    0.12 |      2      1 | OK/1 ⛔m0≠r64(-12.49)
   18.0   0.5   1     6 |   -13.75     4.00      0.50 |   False    1.00    0.25 |      1      1 | OK/2 ⛔m0≠r64(-13.75)
   18.0   0.5   1    12 |   -13.75     1.00      0.50 |    True    1.00    0.12 |      1      1 | OK/1 ⛔m0≠r64(-13.75)
   18.0   0.5   2     6 |   -12.52     3.50      2.00 |   False    1.00    0.12 |      3      1 | OK/1 ⛔m0≠r64(-12.52)
   18.0   0.5   2    12 |   -12.52     2.00      1.50 |    True    1.00    0.38 |      1      3 | OK/3 ⛔m0≠r64(-12.52)

   10.0   0.2   0     6 |   -11.85     1.50      1.50 |    True    1.00    0.12 |      0      1 | OK/1 ⛔m0≠r64(-11.85)
   10.0   0.2   0    12 |   -11.85     1.50      1.50 |    True    1.00    0.12 |      0      1 | OK/1 ⛔m0≠r64(-11.85)
   10.0   0.2   1     6 |   -12.93     2.50      2.00 |    True    1.00    0.25 |      0      1 | OK/2 ⛔m0≠r64(-12.93)
   10.0   0.2   1    12 |   -12.93     2.50      2.00 |    True    1.00    0.38 |      0      2 | OK/3 ⛔m0≠r64(-12.93)
   10.0   0.2   2     6 |   -13.08     1.50      1.50 |    True    1.00    0.12 |      0      1 | OK/1 ⛔m0≠r64(-13.08)
   10.0   0.2   2    12 |   -13.08     1.50      1.50 |    True    1.00    0.12 |      0      1 | OK/1 ⛔m0≠r64(-13.08)
   10.0   0.5   0     6 |   -12.49     3.00      0.50 |   False    1.00    0.12 |      2      1 | OK/1 ⛔m0≠r64(-12.49)
   10.0   0.5   0    12 |   -12.49     2.50      0.50 |   False    1.00    0.12 |      2      1 | OK/1 ⛔m0≠r64(-12.49)
   10.0   0.5   1     6 |   -13.75     4.00      0.50 |   False    1.00    0.25 |      1      1 | OK/2 ⛔m0≠r64(-13.75)
   10.0   0.5   1    12 |   -13.75     1.00      0.50 |    True    1.00    0.12 |      1      1 | OK/1 ⛔m0≠r64(-13.75)
   10.0   0.5   2     6 |   -12.52     3.50      2.00 |   False    1.00    0.12 |      3      1 | OK/1 ⛔m0≠r64(-12.52)
   10.0   0.5   2    12 |   -12.52     2.00      1.50 |    True    1.00    0.38 |      1      3 | OK/3 ⛔m0≠r64(-12.52)

    6.0   0.2   0     6 |   -11.85     1.50      1.50 |    True    1.00    0.12 |      0      1 | OK/1 ⛔m0≠r64(-11.85)
    6.0   0.2   0    12 |   -11.85     1.50      1.50 |    True    1.00    0.12 |      0      1 | OK/1 ⛔m0≠r64(-11.85)
    6.0   0.2   1     6 |   -12.93     2.50      2.00 |    True    1.00    0.25 |      0      1 | OK/2 ⛔m0≠r64(-12.93)
    6.0   0.2   1    12 |   -12.93     2.50      2.00 |    True    1.00    0.38 |      0      2 | OK/3 ⛔m0≠r64(-12.93)
    6.0   0.2   2     6 |   -13.08     1.50      1.50 |    True    1.00    0.12 |      0      1 | OK/1 ⛔m0≠r64(-13.08)
    6.0   0.2   2    12 |   -13.08     1.50      1.50 |    True    1.00    0.12 |      0      1 | OK/1 ⛔m0≠r64(-13.08)
    6.0   0.5   0     6 |   -12.49     3.00      0.50 |   False    1.00    0.12 |      2      1 | OK/1 ⛔m0≠r64(-12.49)
    6.0   0.5   0    12 |   -12.49     2.50      0.50 |   False    1.00    0.12 |      2      1 | OK/1 ⛔m0≠r64(-12.49)
    6.0   0.5   1     6 |   -13.75     4.00      0.50 |   False    1.00    0.25 |      1      1 | OK/2 ⛔m0≠r64(-13.75)
