未经 critic 评审 —— r72 · `_allocate` 现行规则 + 加深/开新槽是否竞争   [L2/宿主仿真]
deps: nhs.py@31decc8e8d07e085 clrig.py@8ad47ce8d260dd18
问①答:判定量 = |Δf| 对 **BW/2**,BW = max(f·bw_oct, 15Hz);bw_oct=0.2000 与 15Hz 下限均 [L4/待标定]
        ⇒ 与 C-8b 两门、R_RISE 同族(自定数、未标定)⇒ 应进欠账台账
        ⚠ 且改 bw_oct(整改队列第 2 项)会**同时改变分配行为**,不只改滤波形状
问②答(代码层):**不竞争** —— 循环对每个 howl 条目独立处理,一槽内可多次加深+多次新分配,无预算

====================================================================================================
Hm1 · 同一分析槽内 加深/新分配 是否共存(直测)
====================================================================================================
  T60  sd R_RISE |       有动作槽       仅加深        仅新分配    **两者共存**
  0.2   0   18.0 |         21        16           5           0
  0.2   0    3.0 |         23        18           5           0
  0.2   1   18.0 |        334         3         331           0
  0.2   1    3.0 |        334         3         331           0
  0.2   2   18.0 |         23        20           3           0
  0.2   2    3.0 |         12        11           1           0
  0.5   0   18.0 |         36        26          10           0
  0.5   0    3.0 |         36        26          10           0
  0.5   1   18.0 |         38        25          13           0
  0.5   1    3.0 |         38        25          13           0
  0.5   2   18.0 |         41        32           9           0
  0.5   2    3.0 |         43        34           9           0
  ⇒ Hm1:两者共存的槽合计 **0** ⇒ ⛔ 恒不共存 ⇒ 存在某种互斥,代码判读须重查

====================================================================================================
Hm2 · 匹配阈值 |Δf|/(BW/2) 分布 —— 阈值是不是决定性的
====================================================================================================
  n=122  中位 **0.0003** / p95 0.0032 / max 0.0097  (1.0 = 恰在窗边)
  落在 [0.8, 1.0] 的比例 = **0.00%**
  ⇒ 中位 ≪1 ⇒ 匹配稳稳落在窗内 ⇒ **该阈值不是决定性的,调它无用**

====================================================================================================
Hm3 · ⭐ 饿死假说:0.2/sd2 上少挂的那两个频点,电平掉到 T_low 以下了吗
====================================================================================================
  被监视频点 = 神谕 top2/top3 = 7062.2 / 3114.9 Hz;T_low = -45.0 dBFS
  --- R_RISE=18.0 挂陷 3 @[3112.4, 5377.4, 7063.4]   g_duck 首次介入槽 = 125
      @7062.2 Hz  电平中位 -89.9 / p95 -42.5 / max -40.3 dBFS  超 T_low 的比例 9.9%
      @3114.9 Hz  电平中位 -85.9 / p95 -46.9 / max -35.8 dBFS  超 T_low 的比例 4.5%
  --- R_RISE=3.0 挂陷 1 @[5377.4]   g_duck 首次介入槽 = 26
      @7062.2 Hz  电平中位 -89.1 / p95 -67.9 / max -59.1 dBFS  超 T_low 的比例 0.0%
      @3114.9 Hz  电平中位 -81.6 / p95 -61.5 / max -50.5 dBFS  超 T_low 的比例 0.0%

⛔ 未经 critic 评审;本文件不含结论性判读。
