未经 critic 评审 —— r73 · 惰性机制全清点(动作次数 / 被求值次数,分开报)  [L2/宿主仿真]
deps: nhs.py@31decc8e8d07e085 clrig.py@8ad47ce8d260dd18
判读档:⛔死 = act==0 ∧ eval>0(门太严) | ⛔不可达 = eval==0(上游断路) | ⚠近惰性 ≤1% | ✅活 >1%
⚠ 本清点测【行为】不测【正确性】:『活』不等于『有效』。

机制                                    动作(act)   求值(eval)  act/eval  判读
------------------------------------------------------------------------------------------------
候选提取:局部极大→top-16                        68281     565520    0.1207  ✅活
电平门 T_low(候选过门)                          2461      68281    0.0360  ✅活
窄带门 PAPR∧PNPR                            1645       2461    0.6684  ✅活
建轨 N4_born                                 35       1645    0.0213  ✅活
⭐ rapid_onset(臂2 快升签名)                      0       1692    0.0000  ⛔死(门太严)
⭐ PHPR 否决                                  17        531    0.0320  ✅活
分类:PANIC                                    0       1802    0.0000  ⛔死(门太严)
分类:产出 howl(N5)                            629       1802    0.3491  ✅活
分配:加深已有槽                                  242        629    0.3847  ✅活
分配:开新槽                                    387        629    0.6153  ✅活
分配:成功入槽 n_carried                          30        387    0.0775  ✅活
分配:抢占 preempt                               0        387    0.0000  ⛔死(门太严)
分配:被阻 n_blocked                             0        387    0.0000  ⛔死(门太严)
槽位耗尽 SLOTS_EXHAUSTED                        0        387    0.0000  ⛔死(门太严)
深度撞顶 DEPTH_EXHAUSTED                       16        242    0.0661  ✅活
C8-② 探针:启动                                 30         30    1.0000  ✅活
C8-② 探针:判外部源(撤陷)                           11         30    0.3667  ✅活
C8-② 探针:判啸叫                                16         30    0.5333  ✅活
C8-② 探针:弃权                                  3         30    0.1000  ✅活
C8 保鲜期抑制挂陷                                357        387    0.9225  ✅活
影子表:新建                                     34         35    0.9714  ✅活
影子表:继承                                      0         35    0.0000  ⛔死(门太严)
空号护栏 gapguard                               0         35    0.0000  ⛔死(门太严)
未观测计数 unobs                                14       1802    0.0078  ⚠近惰性
LIFT 观测 / 回归                                0          0       n/a  ⛔不可达(eval=0)
候选表满 table_full                          4235       4500    0.9411  ✅活
------------------------------------------------------------------------------------------------

⇒ **⛔死(act=0 而 eval>0,门太严)共 7 条**:['⭐ rapid_onset(臂2 快升签名)', '分类:PANIC', '分配:抢占 preempt', '分配:被阻 n_blocked', '槽位耗尽 SLOTS_EXHAUSTED', '影子表:继承', '空号护栏 gapguard']
⇒ **⛔不可达(eval=0,上游断路)共 1 条**:['LIFT 观测 / 回归']
⇒ **⚠近惰性(≤1%)共 1 条**:[('未观测计数 unobs', '0.0078')]

⛔ 未经 critic 评审;本文件不含结论性判读。
