未经 critic 评审 —— r75a · prefer_unnotched 默认关的逐位等价证明  [L2/宿主仿真]
比对:y 原始字节 / loop 原始字节 / 全部 ctr / 全部槽状态
⭐ 阳性对照:强制 True 对原件比,**必须有差异**;无差异 ⇒ 比对器无分辨力或开关没接上 ⇒ 整件作废

原件有 prefer_unnotched? False(应 False) | 现件有? True(应 True),默认 = False(应 False)

  T60  sd      Δ |          Hq5 默认关 vs 原件 |         阳性对照 强制开 vs 原件
  0.2   0    1.0 |                  ✅逐位相同 |                  (无差异)
  0.2   0    3.0 |                  ✅逐位相同 |   差异于 y,loop,ctr,slots
  0.2   0    1.0 |                  ✅逐位相同 |                  (无差异)
  0.2   0    3.0 |                  ✅逐位相同 |   差异于 y,loop,ctr,slots
  0.2   1    1.0 |                  ✅逐位相同 |                  (无差异)
  0.2   1    3.0 |                  ✅逐位相同 |                  (无差异)
  0.2   1    1.0 |                  ✅逐位相同 |                  (无差异)
  0.2   1    3.0 |                  ✅逐位相同 |   差异于 y,loop,ctr,slots
  0.2   2    1.0 |                  ✅逐位相同 |                  (无差异)
  0.2   2    3.0 |                  ✅逐位相同 |                  (无差异)
  0.2   2    1.0 |                  ✅逐位相同 |                  (无差异)
  0.2   2    3.0 |                  ✅逐位相同 |                  (无差异)
  0.5   0    1.0 |                  ✅逐位相同 |                  (无差异)
  0.5   0    3.0 |                  ✅逐位相同 |         差异于 y,loop,ctr
  0.5   0    1.0 |                  ✅逐位相同 |                  (无差异)
  0.5   0    3.0 |                  ✅逐位相同 |                  (无差异)
  0.5   1    1.0 |                  ✅逐位相同 |                差异于 ctr
  0.5   1    3.0 |                  ✅逐位相同 |         差异于 y,loop,ctr
  0.5   1    1.0 |                  ✅逐位相同 |                  (无差异)
  0.5   1    3.0 |                  ✅逐位相同 |                  (无差异)
  0.5   2    1.0 |                  ✅逐位相同 |   差异于 y,loop,ctr,slots
  0.5   2    3.0 |                  ✅逐位相同 |   差异于 y,loop,ctr,slots
  0.5   2    1.0 |                  ✅逐位相同 |                  (无差异)
  0.5   2    3.0 |                  ✅逐位相同 |   差异于 y,loop,ctr,slots

  Hq5(默认关 vs 原件):**24/24 逐位相同** ⇒ PASS
  阳性对照(强制开):**9/24 出现差异** ⇒ PASS(比对器有分辨力且开关接上了)

⛔ 未经 critic 评审;本文件不含结论性判读。
