未经 critic 评审 —— r76 单格 tag=s10f0  [L2/宿主仿真]  预注册 = PREREG_r76.txt
格定义:src_rms_dbfs=-10 / prefer_unnotched=False(**非提交修法**) / T_low=-45 / 臂O=跑
工作点:cal_offset_db=0.0(nhs.py:236 默认,从未被用过) / fs=48k / frame=64 / f_cut=8000 / STEP=0.5 / bw_oct=1/5 / depth=-18.0(臂O) / 8槽全空(臂N,Na) / T_OBS∈[6.0, 12.0] / nfft=2^18 / T_low_gr=-65(构造后不随 T_low 重算)
臂:m0=无 proc(标度不变性对照) / O=神谕选点 T_low=999(**上界**,⛔禁称 NHS 实测) / N=自选+有duck / Na=自选+duck消融(**兜底消融列**)

  T60  sd  T_OBS      m0    ΔMSG_自选@有duck      ΔMSG_自选@消融      ΔMSG_上界@神谕      过门率    挂陷   top1    hit    cov  PANIC  lp_rms@m_N     INV_N  INV_O
  0.2   0      6  -11.85             7.00            5.00            6.00   99.77%     8   True   0.62   0.62    163       17.21        OK     OK
        不变量 N:OK/N2_lvl=5986,挂陷=8 | Na:OK/N2_lvl=5986,挂陷=7 | O:OK/挂陷=8/8,频点==picks:True(诊断 N2_lvl=2967,非判据)
        计数 N: N1_cand=6000 N2_lvl=5986 N4_born=22 N5_howl=89 preempt=3 g_duck最深=-6.00 dB
        频点 N:[483.1, 590.4, 1073.5, 1863.7, 2559.7, 4105.0, 4641.2, 6939.4]
        picks :[590.3, 1082.1, 1556.2, 2041.6, 2558.6, 3279.8, 4641.7, 6194.6]
        lp_rms@m: m0=-9.30 N=+17.21 Na=+2.09 O=-9.21 dBFS  | m: m0=-11.85 N=-4.85 Na=-6.85 O=-5.85 dB
        f_trig: m0=2559.0 N=6297.0 Na=2560.0 O=186.0 Hz  status={'m0': 'ok', 'N': 'ok', 'Na': 'ok', 'O': 'ok'}
  0.2   0     12  -11.85             7.00            5.00            6.00   99.88%     8   True   0.62   0.62    169       14.21        OK     OK
        不变量 N:OK/N2_lvl=11986,挂陷=8 | Na:OK/N2_lvl=11986,挂陷=7 | O:OK/挂陷=8/8,频点==picks:True(诊断 N2_lvl=6010,非判据)
        计数 N: N1_cand=12000 N2_lvl=11986 N4_born=44 N5_howl=99 preempt=4 g_duck最深=-6.00 dB
        频点 N:[186.8, 483.1, 590.4, 1073.5, 1863.7, 2559.7, 4641.2, 6939.4]
        picks :[590.3, 1082.1, 1556.2, 2041.6, 2558.6, 3279.8, 4641.7, 6194.6]
        lp_rms@m: m0=-9.14 N=+14.21 Na=-0.64 O=-9.09 dBFS  | m: m0=-11.85 N=-4.85 Na=-6.85 O=-5.85 dB
        f_trig: m0=2559.0 N=6217.0 Na=2560.0 O=186.0 Hz  status={'m0': 'ok', 'N': 'ok', 'Na': 'ok', 'O': 'ok'}

  0.2   1      6  -12.93             7.00            2.00            6.00   99.75%     8   True   0.88   0.88     74        2.63        OK     OK
        不变量 N:OK/N2_lvl=5985,挂陷=8 | Na:OK/N2_lvl=5985,挂陷=3 | O:OK/挂陷=8/8,频点==picks:True(诊断 N2_lvl=2187,非判据)
        计数 N: N1_cand=6000 N2_lvl=5985 N4_born=18 N5_howl=48 preempt=1 g_duck最深=-6.00 dB
        频点 N:[363.8, 529.6, 1033.6, 1402.2, 2517.3, 4052.1, 5503.9, 7579.7]
        picks :[108.9, 531.1, 1035.3, 1399.3, 2518.7, 3824.1, 5506.7, 7579.7]
        lp_rms@m: m0=-8.65 N=+2.63 Na=-8.96 O=-9.66 dBFS  | m: m0=-12.93 N=-5.93 Na=-10.93 O=-6.93 dB
        f_trig: m0=5507.0 N=1035.0 Na=2518.0 O=365.0 Hz  status={'m0': 'ok', 'N': 'ok', 'Na': 'ok', 'O': 'ok'}
  0.2   1     12  -12.93             7.00            2.00            6.00   99.88%     8   True   0.88   0.88     89        0.16        OK     OK
        不变量 N:OK/N2_lvl=11985,挂陷=8 | Na:OK/N2_lvl=11985,挂陷=3 | O:OK/挂陷=8/8,频点==picks:True(诊断 N2_lvl=4317,非判据)
        计数 N: N1_cand=12000 N2_lvl=11985 N4_born=24 N5_howl=76 preempt=3 g_duck最深=-6.00 dB
        频点 N:[107.8, 363.8, 529.6, 1033.2, 1402.2, 2517.3, 4052.1, 5503.9]
        picks :[108.9, 531.1, 1035.3, 1399.3, 2518.7, 3824.1, 5506.7, 7579.7]
        lp_rms@m: m0=-8.09 N=+0.16 Na=-9.31 O=-9.39 dBFS  | m: m0=-12.93 N=-5.93 Na=-10.93 O=-6.93 dB
        f_trig: m0=5507.0 N=1035.0 Na=2518.0 O=365.0 Hz  status={'m0': 'ok', 'N': 'ok', 'Na': 'ok', 'O': 'ok'}

  0.2   2      6  -13.08             9.00            4.00            7.50   99.75%     6  False   0.83   0.50    130       18.15        OK     OK
        不变量 N:OK/N2_lvl=5985,挂陷=6 | Na:OK/N2_lvl=5985,挂陷=4 | O:OK/挂陷=8/8,频点==picks:True(诊断 N2_lvl=2746,非判据)
        计数 N: N1_cand=6000 N2_lvl=5985 N4_born=17 N5_howl=52 preempt=0 g_duck最深=-6.00 dB
        频点 N:[1028.8, 2402.4, 3044.3, 3892.6, 4377.1, 6202.0]
        picks :[716.5, 1030.5, 1800.1, 2402.3, 3114.9, 4179.0, 5378.5, 7062.2]
        lp_rms@m: m0=-8.77 N=+18.15 Na=-6.34 O=-9.72 dBFS  | m: m0=-13.08 N=-4.08 Na=-9.08 O=-5.58 dB
        f_trig: m0=5379.0 N=5382.0 Na=3111.0 O=503.0 Hz  status={'m0': 'ok', 'N': 'ok', 'Na': 'ok', 'O': 'ok'}
  0.2   2     12  -13.08             9.00            4.00            7.50   99.88%     8  False   0.75   0.62    137       15.14        OK     OK
        不变量 N:OK/N2_lvl=11985,挂陷=8 | Na:OK/N2_lvl=11985,挂陷=4 | O:OK/挂陷=8/8,频点==picks:True(诊断 N2_lvl=5506,非判据)
        计数 N: N1_cand=12000 N2_lvl=11985 N4_born=30 N5_howl=63 preempt=0 g_duck最深=-6.00 dB
        频点 N:[503.5, 1028.8, 1793.9, 2402.4, 3044.3, 3892.6, 4377.1, 6202.0]
        picks :[716.5, 1030.5, 1800.1, 2402.3, 3114.9, 4179.0, 5378.5, 7062.2]
        lp_rms@m: m0=-8.12 N=+15.14 Na=-7.71 O=-9.72 dBFS  | m: m0=-13.08 N=-4.08 Na=-9.08 O=-5.58 dB
        f_trig: m0=5379.0 N=5383.0 Na=3111.0 O=503.0 Hz  status={'m0': 'ok', 'N': 'ok', 'Na': 'ok', 'O': 'ok'}

  0.5   0      6  -12.49             4.00            3.50            3.50   99.77%     4   True   1.00   0.38     26       -8.09        OK     OK
        不变量 N:OK/N2_lvl=5986,挂陷=4 | Na:OK/N2_lvl=5986,挂陷=6 | O:OK/挂陷=8/8,频点==picks:True(诊断 N2_lvl=2299,非判据)
        计数 N: N1_cand=6000 N2_lvl=5986 N4_born=16 N5_howl=56 preempt=0 g_duck最深=-6.00 dB
        频点 N:[2261.3, 2560.1, 6265.3, 6892.2]
        picks :[188.7, 590.1, 1303.9, 1635.6, 2258.9, 2791.0, 4641.4, 6892.3]
        lp_rms@m: m0=-9.33 N=-8.09 Na=-4.97 O=-7.83 dBFS  | m: m0=-12.49 N=-8.49 Na=-8.99 O=-8.99 dB
        f_trig: m0=2259.0 N=4642.0 Na=4642.0 O=52.0 Hz  status={'m0': 'ok', 'N': 'ok', 'Na': 'ok', 'O': 'ok'}
  0.5   0     12  -12.49             3.50            3.00            3.00   99.88%     2  False   1.00   0.25    141        3.20        OK     OK
        不变量 N:OK/N2_lvl=11986,挂陷=2 | Na:OK/N2_lvl=11986,挂陷=6 | O:OK/挂陷=8/8,频点==picks:True(诊断 N2_lvl=4817,非判据)
        计数 N: N1_cand=12000 N2_lvl=11986 N4_born=13 N5_howl=208 preempt=0 g_duck最深=-6.00 dB
        频点 N:[2560.3, 6891.9]
        picks :[188.7, 590.1, 1303.9, 1635.6, 2258.9, 2791.0, 4641.4, 6892.3]
        lp_rms@m: m0=-9.26 N=+3.20 Na=-8.77 O=-9.86 dBFS  | m: m0=-12.49 N=-8.99 Na=-9.49 O=-9.49 dB
        f_trig: m0=2259.0 N=4641.0 Na=52.0 O=52.0 Hz  status={'m0': 'ok', 'N': 'ok', 'Na': 'ok', 'O': 'ok'}

  0.5   1      6  -13.75             3.50            2.00            6.50   99.75%     4  False   1.00   0.50      6       -7.73        OK     OK
        不变量 N:OK/N2_lvl=5985,挂陷=4 | Na:OK/N2_lvl=5985,挂陷=2 | O:OK/挂陷=8/8,频点==picks:True(诊断 N2_lvl=2082,非判据)
        计数 N: N1_cand=6000 N2_lvl=5985 N4_born=9 N5_howl=35 preempt=0 g_duck最深=-3.00 dB
        频点 N:[1033.8, 2517.4, 4057.9, 5502.9]
        picks :[368.4, 529.0, 1035.2, 1399.7, 2518.2, 4054.9, 5506.0, 7579.4]
        lp_rms@m: m0=-9.65 N=-7.73 Na=-6.97 O=-9.40 dBFS  | m: m0=-13.75 N=-10.25 Na=-11.75 O=-7.25 dB
        f_trig: m0=7579.0 N=7580.0 Na=7580.0 O=213.0 Hz  status={'m0': 'ok', 'N': 'ok', 'Na': 'ok', 'O': 'ok'}
