未经 critic 评审 —— r76 单格 tag=s30f0  [L2/宿主仿真]  预注册 = PREREG_r76.txt
格定义:src_rms_dbfs=-30 / prefer_unnotched=False(**非提交修法**) / T_low=-45 / 臂O=跑
工作点:cal_offset_db=0.0(nhs.py:236 默认,从未被用过) / fs=48k / frame=64 / f_cut=8000 / STEP=0.5 / bw_oct=1/5 / depth=-18.0(臂O) / 8槽全空(臂N,Na) / T_OBS∈[6.0, 12.0] / nfft=2^18 / T_low_gr=-65(构造后不随 T_low 重算)
臂:m0=无 proc(标度不变性对照) / O=神谕选点 T_low=999(**上界**,⛔禁称 NHS 实测) / N=自选+有duck / Na=自选+duck消融(**兜底消融列**)

  T60  sd  T_OBS      m0    ΔMSG_自选@有duck      ΔMSG_自选@消融      ΔMSG_上界@神谕      过门率    挂陷   top1    hit    cov  PANIC  lp_rms@m_N     INV_N  INV_O
  0.2   0      6  -11.85             7.00            5.50            6.00   53.27%     7   True   0.86   0.75    161       44.93        OK     OK
        不变量 N:OK/N2_lvl=3196,挂陷=7 | Na:OK/N2_lvl=2880,挂陷=8 | O:OK/挂陷=8/8,频点==picks:True(诊断 N2_lvl=2958,非判据)
        计数 N: N1_cand=6000 N2_lvl=3196 N4_born=24 N5_howl=116 preempt=0 g_duck最深=-6.00 dB
        频点 N:[590.5, 1863.8, 2559.7, 2970.4, 4104.9, 4641.0, 6198.9]
        picks :[590.3, 1082.1, 1556.2, 2041.6, 2558.6, 3279.8, 4641.7, 6194.6]
        lp_rms@m: m0=-29.30 N=+44.93 Na=+0.87 O=-29.21 dBFS  | m: m0=-11.85 N=-4.85 Na=-6.35 O=-5.85 dB
        f_trig: m0=2559.0 N=6295.0 Na=6218.0 O=186.0 Hz  status={'m0': 'ok', 'N': 'ok', 'Na': 'ok', 'O': 'ok'}
  0.2   0     12  -11.85             5.00            5.50            6.00   38.57%     6   True   1.00   0.75     48      -10.28        OK     OK
        不变量 N:OK/N2_lvl=4628,挂陷=6 | Na:OK/N2_lvl=5281,挂陷=8 | O:OK/挂陷=8/8,频点==picks:True(诊断 N2_lvl=6001,非判据)
        计数 N: N1_cand=12000 N2_lvl=4628 N4_born=26 N5_howl=44 preempt=0 g_duck最深=-6.00 dB
        频点 N:[589.9, 1080.1, 1864.0, 2559.7, 4641.2, 6198.4]
        picks :[590.3, 1082.1, 1556.2, 2041.6, 2558.6, 3279.8, 4641.7, 6194.6]
        lp_rms@m: m0=-29.14 N=-10.28 Na=-2.14 O=-29.09 dBFS  | m: m0=-11.85 N=-6.85 Na=-6.35 O=-5.85 dB
        f_trig: m0=2559.0 N=1076.0 Na=6218.0 O=186.0 Hz  status={'m0': 'ok', 'N': 'ok', 'Na': 'ok', 'O': 'ok'}

  0.2   1      6  -12.93             3.50            2.00            6.00   23.17%     5   True   1.00   0.62      0      -26.79        OK     OK
        不变量 N:OK/N2_lvl=1390,挂陷=5 | Na:OK/N2_lvl=1269,挂陷=3 | O:OK/挂陷=8/8,频点==picks:True(诊断 N2_lvl=2181,非判据)
        计数 N: N1_cand=6000 N2_lvl=1390 N4_born=16 N5_howl=24 preempt=0 g_duck最深=-1.00 dB
        频点 N:[108.8, 1033.8, 2517.4, 5504.0, 7579.7]
        picks :[108.9, 531.1, 1035.3, 1399.3, 2518.7, 3824.1, 5506.7, 7579.7]
        lp_rms@m: m0=-28.65 N=-26.79 Na=-28.87 O=-29.66 dBFS  | m: m0=-12.93 N=-9.43 Na=-10.93 O=-6.93 dB
        f_trig: m0=5507.0 N=1034.0 Na=1034.0 O=365.0 Hz  status={'m0': 'ok', 'N': 'ok', 'Na': 'ok', 'O': 'ok'}
  0.2   1     12  -12.93             3.50            2.00            6.00   20.67%     5   True   1.00   0.62      0      -27.97        OK     OK
        不变量 N:OK/N2_lvl=2480,挂陷=5 | Na:OK/N2_lvl=2416,挂陷=3 | O:OK/挂陷=8/8,频点==picks:True(诊断 N2_lvl=4311,非判据)
        计数 N: N1_cand=12000 N2_lvl=2480 N4_born=29 N5_howl=24 preempt=0 g_duck最深=-1.00 dB
        频点 N:[108.8, 1033.8, 2517.4, 5504.0, 7579.7]
        picks :[108.9, 531.1, 1035.3, 1399.3, 2518.7, 3824.1, 5506.7, 7579.7]
        lp_rms@m: m0=-28.09 N=-27.97 Na=-29.25 O=-29.39 dBFS  | m: m0=-12.93 N=-9.43 Na=-10.93 O=-6.93 dB
        f_trig: m0=5507.0 N=1034.0 Na=1034.0 O=365.0 Hz  status={'m0': 'ok', 'N': 'ok', 'Na': 'ok', 'O': 'ok'}

  0.2   2      6  -13.08             9.00            4.00            7.50   38.25%     6  False   0.67   0.50     92       18.96        OK     OK
        不变量 N:OK/N2_lvl=2295,挂陷=6 | Na:OK/N2_lvl=1702,挂陷=4 | O:OK/挂陷=8/8,频点==picks:True(诊断 N2_lvl=2735,非判据)
        计数 N: N1_cand=6000 N2_lvl=2295 N4_born=28 N5_howl=71 preempt=0 g_duck最深=-6.00 dB
        频点 N:[1028.9, 1515.8, 1795.5, 3044.1, 3892.6, 6201.8]
        picks :[716.5, 1030.5, 1800.1, 2402.3, 3114.9, 4179.0, 5378.5, 7062.2]
        lp_rms@m: m0=-28.77 N=+18.96 Na=-19.26 O=-29.72 dBFS  | m: m0=-13.08 N=-4.08 Na=-9.08 O=-5.58 dB
        f_trig: m0=5379.0 N=5385.0 Na=3113.0 O=503.0 Hz  status={'m0': 'ok', 'N': 'ok', 'Na': 'ok', 'O': 'ok'}
  0.2   2     12  -13.08             7.50            4.00            7.50   40.73%     7   True   0.71   0.62     67        4.33        OK     OK
        不变量 N:OK/N2_lvl=4888,挂陷=7 | Na:OK/N2_lvl=2921,挂陷=4 | O:OK/挂陷=8/8,频点==picks:True(诊断 N2_lvl=5495,非判据)
        计数 N: N1_cand=12000 N2_lvl=4888 N4_born=19 N5_howl=54 preempt=0 g_duck最深=-6.00 dB
        频点 N:[503.5, 1028.7, 1795.5, 3044.0, 3892.0, 5377.4, 6201.9]
        picks :[716.5, 1030.5, 1800.1, 2402.3, 3114.9, 4179.0, 5378.5, 7062.2]
        lp_rms@m: m0=-28.12 N=+4.33 Na=-21.90 O=-29.72 dBFS  | m: m0=-13.08 N=-5.58 Na=-9.08 O=-5.58 dB
        f_trig: m0=5379.0 N=5084.0 Na=3113.0 O=503.0 Hz  status={'m0': 'ok', 'N': 'ok', 'Na': 'ok', 'O': 'ok'}

  0.5   0      6  -12.49             5.00            2.00            3.50   30.98%     3  False   1.00   0.38     12      -15.30        OK     OK
        不变量 N:OK/N2_lvl=1859,挂陷=3 | Na:OK/N2_lvl=1518,挂陷=2 | O:OK/挂陷=8/8,频点==picks:True(诊断 N2_lvl=2295,非判据)
        计数 N: N1_cand=6000 N2_lvl=1859 N4_born=22 N5_howl=99 preempt=0 g_duck最深=-6.00 dB
        频点 N:[591.3, 2560.0, 6265.0]
        picks :[188.7, 590.1, 1303.9, 1635.6, 2258.9, 2791.0, 4641.4, 6892.3]
        lp_rms@m: m0=-29.33 N=-15.30 Na=-28.16 O=-27.83 dBFS  | m: m0=-12.49 N=-7.49 Na=-10.49 O=-8.99 dB
        f_trig: m0=2259.0 N=4643.0 Na=6893.0 O=52.0 Hz  status={'m0': 'ok', 'N': 'ok', 'Na': 'ok', 'O': 'ok'}
  0.5   0     12  -12.49             2.00            2.00            3.00   19.64%     3  False   1.00   0.38      0      -27.36        OK     OK
        不变量 N:OK/N2_lvl=2357,挂陷=3 | Na:OK/N2_lvl=2881,挂陷=3 | O:OK/挂陷=8/8,频点==picks:True(诊断 N2_lvl=4813,非判据)
        计数 N: N1_cand=12000 N2_lvl=2357 N4_born=21 N5_howl=153 preempt=0 g_duck最深=-6.00 dB
        频点 N:[2691.9, 4641.2, 6892.1]
        picks :[188.7, 590.1, 1303.9, 1635.6, 2258.9, 2791.0, 4641.4, 6892.3]
        lp_rms@m: m0=-29.26 N=-27.36 Na=-27.91 O=-29.86 dBFS  | m: m0=-12.49 N=-10.49 Na=-10.49 O=-9.49 dB
        f_trig: m0=2259.0 N=2258.0 Na=6893.0 O=52.0 Hz  status={'m0': 'ok', 'N': 'ok', 'Na': 'ok', 'O': 'ok'}

  0.5   1      6  -13.75             3.00            2.00            6.50    8.85%     1  False   1.00   0.12      0      -18.48        OK     OK
        不变量 N:OK/N2_lvl=531,挂陷=1 | Na:OK/N2_lvl=433,挂陷=2 | O:OK/挂陷=8/8,频点==picks:True(诊断 N2_lvl=2076,非判据)
        计数 N: N1_cand=6000 N2_lvl=531 N4_born=6 N5_howl=35 preempt=0 g_duck最深=-6.00 dB
        频点 N:[1033.7]
        picks :[368.4, 529.0, 1035.2, 1399.7, 2518.2, 4054.9, 5506.0, 7579.4]
        lp_rms@m: m0=-29.65 N=-18.48 Na=-26.10 O=-29.40 dBFS  | m: m0=-13.75 N=-10.75 Na=-11.75 O=-7.25 dB
        f_trig: m0=7579.0 N=7581.0 Na=7580.0 O=213.0 Hz  status={'m0': 'ok', 'N': 'ok', 'Na': 'ok', 'O': 'ok'}
