未经 critic 评审 —— r76 单格 tag=t50s20  [L2/宿主仿真]  预注册 = PREREG_r76.txt
格定义:src_rms_dbfs=-20 / prefer_unnotched=False(**非提交修法**) / T_low=-50 / 臂O=不跑
工作点:cal_offset_db=0.0(nhs.py:236 默认,从未被用过) / fs=48k / frame=64 / f_cut=8000 / STEP=0.5 / bw_oct=1/5 / depth=-18.0(臂O) / 8槽全空(臂N,Na) / T_OBS∈[6.0, 12.0] / nfft=2^18 / T_low_gr=-65(构造后不随 T_low 重算)
臂:m0=无 proc(标度不变性对照) / O=神谕选点 T_low=999(**上界**,⛔禁称 NHS 实测) / N=自选+有duck / Na=自选+duck消融(**兜底消融列**)

  T60  sd  T_OBS      m0    ΔMSG_自选@有duck      ΔMSG_自选@消融      ΔMSG_上界@神谕      过门率    挂陷   top1    hit    cov  PANIC  lp_rms@m_N     INV_N  INV_O
  0.2   0      6  -11.85             7.00            6.00             nan   99.73%     8   True   0.75   0.75    137       10.40        OK      —
        不变量 N:OK/N2_lvl=5984,挂陷=8 | Na:OK/N2_lvl=5984,挂陷=8 | O:—/未跑
        计数 N: N1_cand=6000 N2_lvl=5984 N4_born=22 N5_howl=56 preempt=1 g_duck最深=-6.00 dB
        频点 N:[481.8, 590.4, 1080.1, 1863.8, 2559.7, 4105.1, 4641.2, 6198.9]
        picks :[590.3, 1082.1, 1556.2, 2041.6, 2558.6, 3279.8, 4641.7, 6194.6]
        lp_rms@m: m0=-19.30 N=+10.40 Na=+9.33 O=+nan dBFS  | m: m0=-11.85 N=-4.85 Na=-5.85 O=+nan dB
        f_trig: m0=2559.0 N=6295.0 Na=2559.0 O=nan Hz  status={'m0': 'ok', 'N': 'ok', 'Na': 'ok', 'O': 'skipped'}
  0.2   0     12  -11.85             4.50            6.00             nan   99.87%     8   True   0.88   0.88     36      -12.23        OK      —
        不变量 N:OK/N2_lvl=11984,挂陷=8 | Na:OK/N2_lvl=11984,挂陷=8 | O:—/未跑
        计数 N: N1_cand=12000 N2_lvl=11984 N4_born=25 N5_howl=41 preempt=0 g_duck最深=-6.00 dB
        频点 N:[483.1, 590.4, 1080.1, 1556.8, 1864.1, 2559.7, 4641.2, 6198.3]
        picks :[590.3, 1082.1, 1556.2, 2041.6, 2558.6, 3279.8, 4641.7, 6194.6]
        lp_rms@m: m0=-19.14 N=-12.23 Na=+6.33 O=+nan dBFS  | m: m0=-11.85 N=-7.35 Na=-5.85 O=+nan dB
        f_trig: m0=2559.0 N=1863.0 Na=2559.0 O=nan Hz  status={'m0': 'ok', 'N': 'ok', 'Na': 'ok', 'O': 'skipped'}

  0.2   1      6  -12.93             6.50            2.00             nan   99.73%     6   True   1.00   0.75     56        1.22        OK      —
        不变量 N:OK/N2_lvl=5984,挂陷=6 | Na:OK/N2_lvl=5984,挂陷=3 | O:—/未跑
        计数 N: N1_cand=6000 N2_lvl=5984 N4_born=13 N5_howl=41 preempt=0 g_duck最深=-6.00 dB
        频点 N:[108.8, 529.8, 1033.6, 2517.4, 5504.0, 7579.7]
        picks :[108.9, 531.1, 1035.3, 1399.3, 2518.7, 3824.1, 5506.7, 7579.7]
        lp_rms@m: m0=-18.65 N=+1.22 Na=-18.87 O=+nan dBFS  | m: m0=-12.93 N=-6.43 Na=-10.93 O=+nan dB
        f_trig: m0=5507.0 N=1034.0 Na=1034.0 O=nan Hz  status={'m0': 'ok', 'N': 'ok', 'Na': 'ok', 'O': 'skipped'}
  0.2   1     12  -12.93             6.50            2.00             nan   99.87%     8   True   0.88   0.88     56       -1.75        OK      —
        不变量 N:OK/N2_lvl=11984,挂陷=8 | Na:OK/N2_lvl=11984,挂陷=3 | O:—/未跑
        计数 N: N1_cand=12000 N2_lvl=11984 N4_born=26 N5_howl=68 preempt=2 g_duck最深=-6.00 dB
        频点 N:[107.6, 362.8, 529.8, 1402.5, 2517.4, 4058.0, 5504.0, 7579.7]
        picks :[108.9, 531.1, 1035.3, 1399.3, 2518.7, 3824.1, 5506.7, 7579.7]
        lp_rms@m: m0=-18.09 N=-1.75 Na=-19.25 O=+nan dBFS  | m: m0=-12.93 N=-6.43 Na=-10.93 O=+nan dB
        f_trig: m0=5507.0 N=1034.0 Na=1034.0 O=nan Hz  status={'m0': 'ok', 'N': 'ok', 'Na': 'ok', 'O': 'skipped'}

  0.2   2      6  -13.08             9.00            4.00             nan   99.73%     6  False   0.67   0.50    209       18.74        OK      —
        不变量 N:OK/N2_lvl=5984,挂陷=6 | Na:OK/N2_lvl=5984,挂陷=3 | O:—/未跑
        计数 N: N1_cand=6000 N2_lvl=5984 N4_born=25 N5_howl=172 preempt=0 g_duck最深=-6.00 dB
        频点 N:[1029.3, 1515.5, 2402.1, 3044.3, 3892.6, 6201.8]
        picks :[716.5, 1030.5, 1800.1, 2402.3, 3114.9, 4179.0, 5378.5, 7062.2]
        lp_rms@m: m0=-18.77 N=+18.74 Na=-13.36 O=+nan dBFS  | m: m0=-13.08 N=-4.08 Na=-9.08 O=+nan dB
        f_trig: m0=5379.0 N=5385.0 Na=3111.0 O=nan Hz  status={'m0': 'ok', 'N': 'ok', 'Na': 'ok', 'O': 'skipped'}
  0.2   2     12  -13.08             8.00            4.00             nan   99.87%     7   True   0.71   0.62     87        7.28        OK      —
        不变量 N:OK/N2_lvl=11984,挂陷=7 | Na:OK/N2_lvl=11984,挂陷=3 | O:—/未跑
        计数 N: N1_cand=12000 N2_lvl=11984 N4_born=32 N5_howl=57 preempt=0 g_duck最深=-6.00 dB
        频点 N:[503.4, 1028.4, 1795.0, 3044.0, 3892.6, 5377.3, 6201.9]
        picks :[716.5, 1030.5, 1800.1, 2402.3, 3114.9, 4179.0, 5378.5, 7062.2]
        lp_rms@m: m0=-18.12 N=+7.28 Na=-15.46 O=+nan dBFS  | m: m0=-13.08 N=-5.08 Na=-9.08 O=+nan dB
        f_trig: m0=5379.0 N=5380.0 Na=3111.0 O=nan Hz  status={'m0': 'ok', 'N': 'ok', 'Na': 'ok', 'O': 'skipped'}

  0.5   0      6  -12.49             4.50            2.50             nan   99.73%     7   True   0.86   0.75     12      -13.63        OK      —
        不变量 N:OK/N2_lvl=5984,挂陷=7 | Na:OK/N2_lvl=5984,挂陷=4 | O:—/未跑
        计数 N: N1_cand=6000 N2_lvl=5984 N4_born=16 N5_howl=38 preempt=0 g_duck最深=-5.00 dB
        频点 N:[187.8, 591.1, 1557.9, 2261.1, 2560.0, 5624.6, 6265.0]
        picks :[188.7, 590.1, 1303.9, 1635.6, 2258.9, 2791.0, 4641.4, 6892.3]
        lp_rms@m: m0=-19.33 N=-13.63 Na=-16.74 O=+nan dBFS  | m: m0=-12.49 N=-7.99 Na=-9.99 O=+nan dB
        f_trig: m0=2259.0 N=4641.0 Na=2258.0 O=nan Hz  status={'m0': 'ok', 'N': 'ok', 'Na': 'ok', 'O': 'skipped'}
  0.5   0     12  -12.49             3.00            2.50             nan   99.87%     5  False   1.00   0.62     16      -16.75        OK      —
        不变量 N:OK/N2_lvl=11984,挂陷=5 | Na:OK/N2_lvl=11984,挂陷=4 | O:—/未跑
        计数 N: N1_cand=12000 N2_lvl=11984 N4_born=18 N5_howl=65 preempt=0 g_duck最深=-6.00 dB
        频点 N:[590.8, 1552.2, 2560.1, 4641.2, 6892.4]
        picks :[188.7, 590.1, 1303.9, 1635.6, 2258.9, 2791.0, 4641.4, 6892.3]
        lp_rms@m: m0=-19.26 N=-16.75 Na=-17.99 O=+nan dBFS  | m: m0=-12.49 N=-9.49 Na=-9.99 O=+nan dB
        f_trig: m0=2259.0 N=4641.0 Na=2258.0 O=nan Hz  status={'m0': 'ok', 'N': 'ok', 'Na': 'ok', 'O': 'skipped'}

  0.5   1      6  -13.75             3.00            2.00             nan   99.73%     2   True   1.00   0.25     10      -12.41        OK      —
        不变量 N:OK/N2_lvl=5984,挂陷=2 | Na:OK/N2_lvl=5984,挂陷=2 | O:—/未跑
        计数 N: N1_cand=6000 N2_lvl=5984 N4_born=5 N5_howl=26 preempt=0 g_duck最深=-6.00 dB
        频点 N:[1033.7, 7578.9]
        picks :[368.4, 529.0, 1035.2, 1399.7, 2518.2, 4054.9, 5506.0, 7579.4]
        lp_rms@m: m0=-19.65 N=-12.41 Na=-16.10 O=+nan dBFS  | m: m0=-13.75 N=-10.75 Na=-11.75 O=+nan dB
        f_trig: m0=7579.0 N=7581.0 Na=7580.0 O=nan Hz  status={'m0': 'ok', 'N': 'ok', 'Na': 'ok', 'O': 'skipped'}
  0.5   1     12  -13.75             3.00            2.00             nan   99.87%     4   True   1.00   0.50     10      -14.68        OK      —
        不变量 N:OK/N2_lvl=11984,挂陷=4 | Na:OK/N2_lvl=11984,挂陷=3 | O:—/未跑
        计数 N: N1_cand=12000 N2_lvl=11984 N4_born=11 N5_howl=36 preempt=0 g_duck最深=-6.00 dB
        频点 N:[1033.7, 2516.9, 4057.7, 7578.9]
        picks :[368.4, 529.0, 1035.2, 1399.7, 2518.2, 4054.9, 5506.0, 7579.4]
        lp_rms@m: m0=-19.63 N=-14.68 Na=-17.52 O=+nan dBFS  | m: m0=-13.75 N=-10.75 Na=-11.75 O=+nan dB
        f_trig: m0=7579.0 N=7581.0 Na=7580.0 O=nan Hz  status={'m0': 'ok', 'N': 'ok', 'Na': 'ok', 'O': 'skipped'}

  0.5   2      6  -12.52             5.00            2.50             nan   99.73%     2   True   1.00   0.25     16      -13.85        OK      —
        不变量 N:OK/N2_lvl=5984,挂陷=2 | Na:OK/N2_lvl=5984,挂陷=4 | O:—/未跑
        计数 N: N1_cand=6000 N2_lvl=5984 N4_born=15 N5_howl=33 preempt=0 g_duck最深=-6.00 dB
        频点 N:[4377.1, 5377.1]
        picks :[506.4, 716.2, 1518.5, 2403.0, 3114.8, 4379.2, 5378.1, 7061.7]
        lp_rms@m: m0=-19.38 N=-13.85 Na=-17.13 O=+nan dBFS  | m: m0=-12.52 N=-7.52 Na=-10.02 O=+nan dB
        f_trig: m0=7062.0 N=5378.0 Na=716.0 O=nan Hz  status={'m0': 'ok', 'N': 'ok', 'Na': 'ok', 'O': 'skipped'}
  0.5   2     12  -12.52             1.50            2.50             nan   99.87%     3   True   1.00   0.38      0      -19.40        OK      —
        不变量 N:OK/N2_lvl=11984,挂陷=3 | Na:OK/N2_lvl=11984,挂陷=4 | O:—/未跑
        计数 N: N1_cand=12000 N2_lvl=11984 N4_born=10 N5_howl=17 preempt=0 g_duck最深=-4.00 dB
        频点 N:[717.2, 4377.3, 5376.9]
        picks :[506.4, 716.2, 1518.5, 2403.0, 3114.8, 4379.2, 5378.1, 7061.7]
        lp_rms@m: m0=-19.31 N=-19.40 Na=-18.25 O=+nan dBFS  | m: m0=-12.52 N=-11.02 Na=-10.02 O=+nan dB
        f_trig: m0=7062.0 N=716.0 Na=716.0 O=nan Hz  status={'m0': 'ok', 'N': 'ok', 'Na': 'ok', 'O': 'skipped'}

总耗时 3388 s。⛔ 未经 critic 评审;本文件不含结论性判读。
