未经 critic 评审 —— r76 单格 tag=s30f1  [L2/宿主仿真]  预注册 = PREREG_r76.txt
格定义:src_rms_dbfs=-30 / prefer_unnotched=True(**非提交修法**) / T_low=-45 / 臂O=不跑
工作点:cal_offset_db=0.0(nhs.py:236 默认,从未被用过) / fs=48k / frame=64 / f_cut=8000 / STEP=0.5 / bw_oct=1/5 / depth=-18.0(臂O) / 8槽全空(臂N,Na) / T_OBS∈[6.0, 12.0] / nfft=2^18 / T_low_gr=-65(构造后不随 T_low 重算)
臂:m0=无 proc(标度不变性对照) / O=神谕选点 T_low=999(**上界**,⛔禁称 NHS 实测) / N=自选+有duck / Na=自选+duck消融(**兜底消融列**)

  T60  sd  T_OBS      m0    ΔMSG_自选@有duck      ΔMSG_自选@消融      ΔMSG_上界@神谕      过门率    挂陷   top1    hit    cov  PANIC  lp_rms@m_N     INV_N  INV_O
  0.2   0      6  -11.85             2.50            2.50             nan   41.12%     4   True   1.00   0.50      0      -28.90        OK      —
        不变量 N:OK/N2_lvl=2467,挂陷=4 | Na:OK/N2_lvl=2681,挂陷=5 | O:—/未跑
        计数 N: N1_cand=6000 N2_lvl=2467 N4_born=13 N5_howl=19 preempt=0 g_duck最深=-6.00 dB
        频点 N:[1863.5, 2559.9, 4641.8, 6192.2]
        picks :[590.3, 1082.1, 1556.2, 2041.6, 2558.6, 3279.8, 4641.7, 6194.6]
        lp_rms@m: m0=-29.30 N=-28.90 Na=-28.62 O=+nan dBFS  | m: m0=-11.85 N=-9.35 Na=-9.35 O=+nan dB
        f_trig: m0=2559.0 N=5840.0 Na=5840.0 O=nan Hz  status={'m0': 'ok', 'N': 'ok', 'Na': 'ok', 'O': 'skipped'}
  0.2   0     12  -11.85             2.50            2.50             nan   40.68%     5   True   1.00   0.62      0      -29.16        OK      —
        不变量 N:OK/N2_lvl=4882,挂陷=5 | Na:OK/N2_lvl=5333,挂陷=5 | O:—/未跑
        计数 N: N1_cand=12000 N2_lvl=4882 N4_born=41 N5_howl=21 preempt=0 g_duck最深=-6.00 dB
        频点 N:[1550.9, 1863.5, 2559.9, 4641.8, 6192.2]
        picks :[590.3, 1082.1, 1556.2, 2041.6, 2558.6, 3279.8, 4641.7, 6194.6]
        lp_rms@m: m0=-29.14 N=-29.16 Na=-29.04 O=+nan dBFS  | m: m0=-11.85 N=-9.35 Na=-9.35 O=+nan dB
        f_trig: m0=2559.0 N=5840.0 Na=5840.0 O=nan Hz  status={'m0': 'ok', 'N': 'ok', 'Na': 'ok', 'O': 'skipped'}

  0.2   1      6  -12.93             2.00            2.00             nan   21.22%     3   True   1.00   0.38      0      -29.00        OK      —
        不变量 N:OK/N2_lvl=1273,挂陷=3 | Na:OK/N2_lvl=1235,挂陷=3 | O:—/未跑
        计数 N: N1_cand=6000 N2_lvl=1273 N4_born=9 N5_howl=17 preempt=0 g_duck最深=-2.00 dB
        频点 N:[1033.6, 2517.1, 5503.9]
        picks :[108.9, 531.1, 1035.3, 1399.3, 2518.7, 3824.1, 5506.7, 7579.7]
        lp_rms@m: m0=-28.65 N=-29.00 Na=-28.85 O=+nan dBFS  | m: m0=-12.93 N=-10.93 Na=-10.93 O=+nan dB
        f_trig: m0=5507.0 N=2517.0 Na=2517.0 O=nan Hz  status={'m0': 'ok', 'N': 'ok', 'Na': 'ok', 'O': 'skipped'}
  0.2   1     12  -12.93             2.00            2.00             nan   19.79%     3   True   1.00   0.38      0      -29.31        OK      —
        不变量 N:OK/N2_lvl=2375,挂陷=3 | Na:OK/N2_lvl=2337,挂陷=3 | O:—/未跑
        计数 N: N1_cand=12000 N2_lvl=2375 N4_born=12 N5_howl=17 preempt=0 g_duck最深=-2.00 dB
        频点 N:[1033.6, 2517.1, 5503.9]
        picks :[108.9, 531.1, 1035.3, 1399.3, 2518.7, 3824.1, 5506.7, 7579.7]
        lp_rms@m: m0=-28.09 N=-29.31 Na=-29.22 O=+nan dBFS  | m: m0=-12.93 N=-10.93 Na=-10.93 O=+nan dB
        f_trig: m0=5507.0 N=2517.0 Na=2517.0 O=nan Hz  status={'m0': 'ok', 'N': 'ok', 'Na': 'ok', 'O': 'skipped'}

  0.2   2      6  -13.08             7.00            4.00             nan   32.70%     4   True   1.00   0.50     44        0.80        OK      —
        不变量 N:OK/N2_lvl=1962,挂陷=4 | Na:OK/N2_lvl=1702,挂陷=4 | O:—/未跑
        计数 N: N1_cand=6000 N2_lvl=1962 N4_born=16 N5_howl=36 preempt=0 g_duck最深=-6.00 dB
        频点 N:[1796.0, 3044.1, 3892.9, 5377.3]
        picks :[716.5, 1030.5, 1800.1, 2402.3, 3114.9, 4179.0, 5378.5, 7062.2]
        lp_rms@m: m0=-28.77 N=+0.80 Na=-19.26 O=+nan dBFS  | m: m0=-13.08 N=-6.08 Na=-9.08 O=+nan dB
        f_trig: m0=5379.0 N=3036.0 Na=3113.0 O=nan Hz  status={'m0': 'ok', 'N': 'ok', 'Na': 'ok', 'O': 'skipped'}
  0.2   2     12  -13.08             6.00            4.00             nan   30.36%     6   True   0.83   0.62     23       -9.28        OK      —
        不变量 N:OK/N2_lvl=3643,挂陷=6 | Na:OK/N2_lvl=2921,挂陷=4 | O:—/未跑
        计数 N: N1_cand=12000 N2_lvl=3643 N4_born=26 N5_howl=41 preempt=0 g_duck最深=-6.00 dB
        频点 N:[1028.9, 1796.0, 3043.3, 4176.5, 5377.4, 6202.1]
        picks :[716.5, 1030.5, 1800.1, 2402.3, 3114.9, 4179.0, 5378.5, 7062.2]
        lp_rms@m: m0=-28.12 N=-9.28 Na=-21.90 O=+nan dBFS  | m: m0=-13.08 N=-7.08 Na=-9.08 O=+nan dB
        f_trig: m0=5379.0 N=6211.0 Na=3113.0 O=nan Hz  status={'m0': 'ok', 'N': 'ok', 'Na': 'ok', 'O': 'skipped'}

  0.5   0      6  -12.49             2.50            2.00             nan   25.63%     2  False   1.00   0.25      0      -26.97        OK      —
        不变量 N:OK/N2_lvl=1538,挂陷=2 | Na:OK/N2_lvl=1584,挂陷=3 | O:—/未跑
        计数 N: N1_cand=6000 N2_lvl=1538 N4_born=11 N5_howl=21 preempt=0 g_duck最深=-6.00 dB
        频点 N:[4641.1, 6265.1]
        picks :[188.7, 590.1, 1303.9, 1635.6, 2258.9, 2791.0, 4641.4, 6892.3]
        lp_rms@m: m0=-29.33 N=-26.97 Na=-28.35 O=+nan dBFS  | m: m0=-12.49 N=-9.99 Na=-10.49 O=+nan dB
        f_trig: m0=2259.0 N=4642.0 Na=2258.0 O=nan Hz  status={'m0': 'ok', 'N': 'ok', 'Na': 'ok', 'O': 'skipped'}
  0.5   0     12  -12.49             2.50            2.00             nan   26.06%     4  False   1.00   0.50      0      -28.10        OK      —
        不变量 N:OK/N2_lvl=3127,挂陷=4 | Na:OK/N2_lvl=2874,挂陷=3 | O:—/未跑
        计数 N: N1_cand=12000 N2_lvl=3127 N4_born=18 N5_howl=33 preempt=0 g_duck最深=-6.00 dB
        频点 N:[1551.2, 2691.7, 4641.1, 6265.1]
        picks :[188.7, 590.1, 1303.9, 1635.6, 2258.9, 2791.0, 4641.4, 6892.3]
        lp_rms@m: m0=-29.26 N=-28.10 Na=-28.89 O=+nan dBFS  | m: m0=-12.49 N=-9.99 Na=-10.49 O=+nan dB
        f_trig: m0=2259.0 N=4642.0 Na=2258.0 O=nan Hz  status={'m0': 'ok', 'N': 'ok', 'Na': 'ok', 'O': 'skipped'}

  0.5   1      6  -13.75             3.00            2.00             nan    8.85%     1  False   1.00   0.12      0      -18.48        OK      —
        不变量 N:OK/N2_lvl=531,挂陷=1 | Na:OK/N2_lvl=433,挂陷=2 | O:—/未跑
        计数 N: N1_cand=6000 N2_lvl=531 N4_born=6 N5_howl=35 preempt=0 g_duck最深=-6.00 dB
        频点 N:[1033.7]
        picks :[368.4, 529.0, 1035.2, 1399.7, 2518.2, 4054.9, 5506.0, 7579.4]
        lp_rms@m: m0=-29.65 N=-18.48 Na=-26.10 O=+nan dBFS  | m: m0=-13.75 N=-10.75 Na=-11.75 O=+nan dB
        f_trig: m0=7579.0 N=7581.0 Na=7580.0 O=nan Hz  status={'m0': 'ok', 'N': 'ok', 'Na': 'ok', 'O': 'skipped'}
  0.5   1     12  -13.75             2.50            2.00             nan    8.96%     3   True   1.00   0.38      0      -26.63        OK      —
        不变量 N:OK/N2_lvl=1075,挂陷=3 | Na:OK/N2_lvl=1078,挂陷=3 | O:—/未跑
        计数 N: N1_cand=12000 N2_lvl=1075 N4_born=9 N5_howl=33 preempt=0 g_duck最深=-6.00 dB
        频点 N:[1033.7, 4052.1, 7579.0]
        picks :[368.4, 529.0, 1035.2, 1399.7, 2518.2, 4054.9, 5506.0, 7579.4]
        lp_rms@m: m0=-29.63 N=-26.63 Na=-27.52 O=+nan dBFS  | m: m0=-13.75 N=-11.25 Na=-11.75 O=+nan dB
        f_trig: m0=7579.0 N=7580.0 Na=7580.0 O=nan Hz  status={'m0': 'ok', 'N': 'ok', 'Na': 'ok', 'O': 'skipped'}

  0.5   2      6  -12.52             2.50            2.50             nan   34.47%     4  False   1.00   0.50      0      -27.50        OK      —
        不变量 N:OK/N2_lvl=2068,挂陷=4 | Na:OK/N2_lvl=1922,挂陷=5 | O:—/未跑
        计数 N: N1_cand=6000 N2_lvl=2068 N4_born=6 N5_howl=22 preempt=0 g_duck最深=-6.00 dB
        频点 N:[2403.6, 3112.4, 5377.1, 7062.9]
        picks :[506.4, 716.2, 1518.5, 2403.0, 3114.8, 4379.2, 5378.1, 7061.7]
        lp_rms@m: m0=-29.38 N=-27.50 Na=-27.35 O=+nan dBFS  | m: m0=-12.52 N=-10.02 Na=-10.02 O=+nan dB
        f_trig: m0=7062.0 N=716.0 Na=716.0 O=nan Hz  status={'m0': 'ok', 'N': 'ok', 'Na': 'ok', 'O': 'skipped'}
  0.5   2     12  -12.52             2.50            2.50             nan   30.83%     5  False   1.00   0.62      0      -28.47        OK      —
        不变量 N:OK/N2_lvl=3699,挂陷=5 | Na:OK/N2_lvl=3570,挂陷=5 | O:—/未跑
        计数 N: N1_cand=12000 N2_lvl=3699 N4_born=9 N5_howl=29 preempt=0 g_duck最深=-6.00 dB
        频点 N:[717.1, 2403.6, 3112.4, 5377.1, 7062.9]
        picks :[506.4, 716.2, 1518.5, 2403.0, 3114.8, 4379.2, 5378.1, 7061.7]
        lp_rms@m: m0=-29.31 N=-28.47 Na=-28.39 O=+nan dBFS  | m: m0=-12.52 N=-10.02 Na=-10.02 O=+nan dB
        f_trig: m0=7062.0 N=716.0 Na=716.0 O=nan Hz  status={'m0': 'ok', 'N': 'ok', 'Na': 'ok', 'O': 'skipped'}

总耗时 3070 s。⛔ 未经 critic 评审;本文件不含结论性判读。
