未经 critic 评审 —— r76 固定 G 表(拆效应 A / 效应 B)  [L2/宿主仿真]  预注册 = PREREG_r76.txt
臂 N 单臂:NHS 自选 / duck 不消融 / prefer_unnotched=False / T_low=−45 / T_low_gr=-65 / T_panic=-6
工作点:cal_offset_db=0.0 / T_OBS=6s / bw_oct=1/5 / f_cut=8000 / frame=64 / 8 槽全空 / G 钉死在 anchor+[0.0, 1.0, 2.0, 4.0]
⛔ G 固定 ⇒ 本表【不含】ΔMSG(ΔMSG 是扫描终点量,固定 G 下无定义)

   ΔG  T60  sd   src  N1_cand  N2_lvl      过门率    挂陷   top1  PANIC   lp_rms    起振
   +0  0.2   0   -60     6000       0    0.00%     0  False      0   -59.30 False
   +0  0.2   0   -50     6000       0    0.00%     0  False      0   -49.30 False
   +0  0.2   0   -40     6000      68    1.13%     1   True      0   -39.35 False
   +0  0.2   0   -30     6000     423    7.05%     1   True      0   -29.47 False
   +0  0.2   0   -20     6000    5977   99.62%     1   True      0   -19.47 False
   +0  0.2   0   -10     6000    5986   99.77%     1   True      0    -9.47 False

   +1  0.2   0   -60     6000      49    0.82%     1   True      0   -39.92 False
   +1  0.2   0   -50     6000      49    0.82%     1   True      0   -39.47 False
   +1  0.2   0   -40     6000     359    5.98%     1   True      0   -37.39 False
   +1  0.2   0   -30     6000     533    8.88%     1   True      0   -29.18 False
   +1  0.2   0   -20     6000    5977   99.62%     1   True      0   -19.18 False
   +1  0.2   0   -10     6000    5986   99.77%     1   True      6    -9.41 False

   +2  0.2   0   -60     3055     882   28.87%     0  False    302   407.73  True
   +2  0.2   0   -50     6000      90    1.50%     2   True      0   -44.13 False
   +2  0.2   0   -40     6000    1348   22.47%     3   True      0   -38.33 False
   +2  0.2   0   -30     6000    1948   32.47%     4   True      0   -28.94 False
   +2  0.2   0   -20     6000    5977   99.62%     4   True      0   -18.94 False
   +2  0.2   0   -10     6000    5986   99.77%     4   True      4    -9.00 False

   +4  0.2   0   -60     6000     355    5.92%     5   True      5   -20.17 False
   +4  0.2   0   -50     6000     448    7.47%     5   True      8   -20.02 False
   +4  0.2   0   -40     6000    1691   28.18%     5   True     34    -4.00 False
   +4  0.2   0   -30     6000    2543   42.38%     6   True     13   -17.93 False
   +4  0.2   0   -20     6000    5980   99.67%     5   True     26   -13.25 False
   +4  0.2   0   -10     6000    5986   99.77%     5   True     49    -6.40 False

   +0  0.2   1   -60     6000       0    0.00%     0  False      0   -58.65 False
   +0  0.2   1   -50     6000       0    0.00%     0  False      0   -48.65 False
   +0  0.2   1   -40     6000     455    7.58%     1   True      0   -39.55 False
   +0  0.2   1   -30     6000     613   10.22%     1   True      0   -29.72 False
   +0  0.2   1   -20     6000    5975   99.58%     1   True      0   -19.72 False
   +0  0.2   1   -10     6000    5985   99.75%     1   True      0    -9.72 False

   +1  0.2   1   -60     6000      47    0.78%     1   True      0   -38.66 False
   +1  0.2   1   -50     6000      48    0.80%     1   True      0   -38.36 False
   +1  0.2   1   -40     6000     740   12.33%     1   True      0   -36.21 False
   +1  0.2   1   -30     6000     795   13.25%     1   True      0   -29.20 False
   +1  0.2   1   -20     6000    5975   99.58%     1   True      0   -19.20 False
   +1  0.2   1   -10     6000    5985   99.75%     1   True      7    -9.53 False

   +2  0.2   1   -60     6000     152    2.53%     1   True      9   -19.32 False
   +2  0.2   1   -50     6000     103    1.72%     3   True      0   -41.50 False
   +2  0.2   1   -40     6000    1461   24.35%     3   True      0   -38.35 False
   +2  0.2   1   -30     6000    1334   22.23%     3   True      0   -29.05 False
   +2  0.2   1   -20     6000    5975   99.58%     3   True      0   -19.05 False
   +2  0.2   1   -10     6000    5985   99.75%     3   True      6    -9.20 False

   +4  0.2   1   -60     2738    1332   48.65%     2  False    327   521.26  True
   +4  0.2   1   -50     6000     232    3.87%     2   True      0   -24.57 False
   +4  0.2   1   -40     6000    1267   21.12%     2   True     67    40.56  True
   +4  0.2   1   -30     5979    2693   45.04%     3   True    150   128.18  True
   +4  0.2   1   -20     6000    5975   99.58%     4   True     12   -15.63 False
   +4  0.2   1   -10     6000    5985   99.75%     3   True     19    -7.55 False

   +0  0.2   2   -60     6000       0    0.00%     0  False      0   -58.77 False
   +0  0.2   2   -50     6000       0    0.00%     0  False      0   -48.77 False
   +0  0.2   2   -40     6000     598    9.97%     1   True      0   -39.63 False
   +0  0.2   2   -30     6000     692   11.53%     1   True      0   -29.74 False
   +0  0.2   2   -20     6000    5975   99.58%     1   True      0   -19.74 False
   +0  0.2   2   -10     6000    5985   99.75%     1   True      0    -9.74 False

   +1  0.2   2   -60     6000      51    0.85%     1   True      0   -38.65 False
   +1  0.2   2   -50     6000      57    0.95%     1   True      0   -38.30 False
   +1  0.2   2   -40     6000     785   13.08%     1   True      0   -35.67 False
   +1  0.2   2   -30     6000     734   12.23%     1   True      0   -29.61 False
   +1  0.2   2   -20     6000    5976   99.60%     1   True      0   -19.61 False
   +1  0.2   2   -10     6000    5985   99.75%     1   True      0    -9.61 False

   +2  0.2   2   -60     2759     679   24.61%     0  False    308   451.17  True
   +2  0.2   2   -50     6000      87    1.45%     2   True      0   -45.08 False
   +2  0.2   2   -40     6000    1069   17.82%     2   True      0   -38.95 False
   +2  0.2   2   -30     6000    1245   20.75%     2   True      0   -29.53 False
   +2  0.2   2   -20     6000    5977   99.62%     2   True      0   -19.53 False
   +2  0.2   2   -10     6000    5985   99.75%     2   True      2    -9.53 False

   +4  0.2   2   -60     6000     331    5.52%     2   True      9   -19.42 False
   +4  0.2   2   -50     6000     266    4.43%     4   True      0   -26.47 False
   +4  0.2   2   -40     6000    1423   23.72%     4   True      0   -26.73 False
   +4  0.2   2   -30     6000    1431   23.85%     3   True      0   -24.49 False
   +4  0.2   2   -20     6000    5977   99.62%     2   True      8   -15.45 False
   +4  0.2   2   -10     6000    5985   99.75%     2   True     15    -7.68 False

   +0  0.5   0   -60     6000       0    0.00%     0  False      0   -59.33 False
   +0  0.5   0   -50     6000       0    0.00%     0  False      0   -49.33 False
   +0  0.5   0   -40     6000       0    0.00%     0  False      0   -39.33 False
   +0  0.5   0   -30     6000     548    9.13%     1   True      0   -29.40 False
   +0  0.5   0   -20     6000    5976   99.60%     1   True      0   -19.40 False
   +0  0.5   0   -10     6000    5986   99.77%     1   True      0    -9.40 False

   +1  0.5   0   -60     6000      97    1.62%     1  False      0   -47.84 False
   +1  0.5   0   -50     6000      98    1.63%     1  False      0   -45.70 False
   +1  0.5   0   -40     6000     960   16.00%     2   True      0   -39.08 False
   +1  0.5   0   -30     6000     816   13.60%     2   True      0   -29.49 False
   +1  0.5   0   -20     6000    5976   99.60%     2   True      0   -19.49 False
   +1  0.5   0   -10     6000    5986   99.77%     2   True      0    -9.49 False

   +2  0.5   0   -60     6000     101    1.68%     1  False      0   -40.40 False
   +2  0.5   0   -50     6000     102    1.70%     1  False      0   -39.69 False
   +2  0.5   0   -40     6000     611   10.18%     1  False      0   -36.92 False
   +2  0.5   0   -30     6000     936   15.60%     1  False      0   -28.71 False
   +2  0.5   0   -20     6000    5976   99.60%     1  False      0   -18.71 False
   +2  0.5   0   -10     6000    5986   99.77%     1  False     12    -9.10 False

   +4  0.5   0   -60     6000     487    8.12%     1  False     18   -16.72 False
   +4  0.5   0   -50     6000     570    9.50%     1  False     19   -16.69 False
   +4  0.5   0   -40     6000     959   15.98%     1  False     19   -16.10 False
   +4  0.5   0   -30     6000    1331   22.18%     1  False     31   -13.53 False
   +4  0.5   0   -20     6000    5977   99.62%     2  False     24   -13.69 False
   +4  0.5   0   -10     6000    5986   99.77%     4   True     26    -8.09 False

   +0  0.5   1   -60     6000       0    0.00%     0  False      0   -59.65 False
   +0  0.5   1   -50     6000       0    0.00%     0  False      0   -49.65 False
   +0  0.5   1   -40     6000       0    0.00%     0  False      0   -39.65 False
   +0  0.5   1   -30     6000      98    1.63%     0  False      0   -29.65 False
   +0  0.5   1   -20     6000    5972   99.53%     0  False      0   -19.65 False
   +0  0.5   1   -10     6000    5985   99.75%     0  False      0    -9.65 False

   +1  0.5   1   -60     6000      99    1.65%     1   True      0   -40.00 False
   +1  0.5   1   -50     6000      94    1.57%     1  False      0   -39.79 False
   +1  0.5   1   -40     6000     208    3.47%     2   True      0   -38.28 False
   +1  0.5   1   -30     6000     235    3.92%     2   True      0   -29.28 False
   +1  0.5   1   -20     6000    5972   99.53%     2   True      0   -19.28 False
   +1  0.5   1   -10     6000    5985   99.75%     2   True      0    -9.28 False

   +2  0.5   1   -60     6000     101    1.68%     1  False      0   -34.15 False
   +2  0.5   1   -50     6000     105    1.75%     2   True      0   -34.43 False
   +2  0.5   1   -40     6000     234    3.90%     2   True      0   -33.72 False
   +2  0.5   1   -30     6000     265    4.42%     2   True      0   -28.28 False
   +2  0.5   1   -20     6000    5973   99.55%     2   True      0   -18.28 False
   +2  0.5   1   -10     6000    5985   99.75%     2   True      8    -8.68 False

   +4  0.5   1   -60     6000     334    5.57%     2  False     20   -10.75 False
   +4  0.5   1   -50     6000     376    6.27%     2  False     19   -11.02 False
   +4  0.5   1   -40     3525    2304   65.36%     2  False    465   362.21  True
   +4  0.5   1   -30     6000    2667   44.45%     4  False    151    92.45  True
   +4  0.5   1   -20     6000    5974   99.57%     4  False    170   102.45  True
   +4  0.5   1   -10     5209    5194   99.71%     1  False    287   304.47  True

   +0  0.5   2   -60     6000       0    0.00%     0  False      0   -59.38 False
   +0  0.5   2   -50     6000       0    0.00%     0  False      0   -49.38 False
   +0  0.5   2   -40     6000       0    0.00%     0  False      0   -39.38 False
   +0  0.5   2   -30     6000     479    7.98%     1   True      0   -29.44 False
   +0  0.5   2   -20     6000    5975   99.58%     1   True      0   -19.44 False
   +0  0.5   2   -10     6000    5985   99.75%     1   True      0    -9.44 False

   +1  0.5   2   -60     6000     144    2.40%     2  False      0   -42.87 False
   +1  0.5   2   -50     6000     143    2.38%     3   True      0   -43.76 False
   +1  0.5   2   -40     6000    1484   24.73%     3   True      0   -38.85 False
   +1  0.5   2   -30     6000    1277   21.28%     2   True      0   -29.52 False
   +1  0.5   2   -20     6000    5975   99.58%     2   True      0   -19.52 False
   +1  0.5   2   -10     6000    5985   99.75%     2   True      0    -9.52 False

   +2  0.5   2   -60     6000     201    3.35%     2   True      0   -34.00 False
   +2  0.5   2   -50     6000     229    3.82%     1  False      0   -32.94 False
   +2  0.5   2   -40     6000     910   15.17%     1  False      0   -32.06 False
   +2  0.5   2   -30     6000    2232   37.20%     5   True      0   -27.30 False
   +2  0.5   2   -20     6000    5975   99.58%     5   True      0   -17.30 False
   +2  0.5   2   -10     6000    5985   99.75%     2   True      6    -8.89 False

   +4  0.5   2   -60     3420    2319   67.81%     1  False    400   502.69  True
   +4  0.5   2   -50     5981    2127   35.56%     3   True    237   121.06  True
   +4  0.5   2   -40     6000    2289   38.15%     5   True     44     1.34  True
   +4  0.5   2   -30     6000    3064   51.07%     6   True      0   -26.16 False
   +4  0.5   2   -20     6000    5977   99.62%     6   True      0   -16.16 False
   +4  0.5   2   -10     6000    5985   99.75%     3   True     32    -8.08 False

==============================================================================================================
§F 单调性机械检查(Hr2:固定 G 下过门率随源电平**单调不减**;⛔ 判读文字由人在看到数之后写)
==============================================================================================================
  ΔG=+0 T60=0.2 sd=0: N2_lvl 逐档 [(-60.0, 0), (-50.0, 0), (-40.0, 68), (-30.0, 423), (-20.0, 5977), (-10.0, 5986)]   ✅单调不减
  ΔG=+0 T60=0.2 sd=1: N2_lvl 逐档 [(-60.0, 0), (-50.0, 0), (-40.0, 455), (-30.0, 613), (-20.0, 5975), (-10.0, 5985)]   ✅单调不减
  ΔG=+0 T60=0.2 sd=2: N2_lvl 逐档 [(-60.0, 0), (-50.0, 0), (-40.0, 598), (-30.0, 692), (-20.0, 5975), (-10.0, 5985)]   ✅单调不减
  ΔG=+0 T60=0.5 sd=0: N2_lvl 逐档 [(-60.0, 0), (-50.0, 0), (-40.0, 0), (-30.0, 548), (-20.0, 5976), (-10.0, 5986)]   ✅单调不减
  ΔG=+0 T60=0.5 sd=1: N2_lvl 逐档 [(-60.0, 0), (-50.0, 0), (-40.0, 0), (-30.0, 98), (-20.0, 5972), (-10.0, 5985)]   ✅单调不减
  ΔG=+0 T60=0.5 sd=2: N2_lvl 逐档 [(-60.0, 0), (-50.0, 0), (-40.0, 0), (-30.0, 479), (-20.0, 5975), (-10.0, 5985)]   ✅单调不减
  ΔG=+1 T60=0.2 sd=0: N2_lvl 逐档 [(-60.0, 49), (-50.0, 49), (-40.0, 359), (-30.0, 533), (-20.0, 5977), (-10.0, 5986)]   ✅单调不减
  ΔG=+1 T60=0.2 sd=1: N2_lvl 逐档 [(-60.0, 47), (-50.0, 48), (-40.0, 740), (-30.0, 795), (-20.0, 5975), (-10.0, 5985)]   ✅单调不减
  ΔG=+1 T60=0.2 sd=2: N2_lvl 逐档 [(-60.0, 51), (-50.0, 57), (-40.0, 785), (-30.0, 734), (-20.0, 5976), (-10.0, 5985)]   ⛔ 出现下降:[(-40.0, 785, -30.0, 734)]
  ΔG=+1 T60=0.5 sd=0: N2_lvl 逐档 [(-60.0, 97), (-50.0, 98), (-40.0, 960), (-30.0, 816), (-20.0, 5976), (-10.0, 5986)]   ⛔ 出现下降:[(-40.0, 960, -30.0, 816)]
  ΔG=+1 T60=0.5 sd=1: N2_lvl 逐档 [(-60.0, 99), (-50.0, 94), (-40.0, 208), (-30.0, 235), (-20.0, 5972), (-10.0, 5985)]   ⛔ 出现下降:[(-60.0, 99, -50.0, 94)]
  ΔG=+1 T60=0.5 sd=2: N2_lvl 逐档 [(-60.0, 144), (-50.0, 143), (-40.0, 1484), (-30.0, 1277), (-20.0, 5975), (-10.0, 5985)]   ⛔ 出现下降:[(-60.0, 144, -50.0, 143), (-40.0, 1484, -30.0, 1277)]
  ΔG=+2 T60=0.2 sd=0: N2_lvl 逐档 [(-60.0, 882), (-50.0, 90), (-40.0, 1348), (-30.0, 1948), (-20.0, 5977), (-10.0, 5986)]   ⛔ 出现下降:[(-60.0, 882, -50.0, 90)]
  ΔG=+2 T60=0.2 sd=1: N2_lvl 逐档 [(-60.0, 152), (-50.0, 103), (-40.0, 1461), (-30.0, 1334), (-20.0, 5975), (-10.0, 5985)]   ⛔ 出现下降:[(-60.0, 152, -50.0, 103), (-40.0, 1461, -30.0, 1334)]
  ΔG=+2 T60=0.2 sd=2: N2_lvl 逐档 [(-60.0, 679), (-50.0, 87), (-40.0, 1069), (-30.0, 1245), (-20.0, 5977), (-10.0, 5985)]   ⛔ 出现下降:[(-60.0, 679, -50.0, 87)]
  ΔG=+2 T60=0.5 sd=0: N2_lvl 逐档 [(-60.0, 101), (-50.0, 102), (-40.0, 611), (-30.0, 936), (-20.0, 5976), (-10.0, 5986)]   ✅单调不减
  ΔG=+2 T60=0.5 sd=1: N2_lvl 逐档 [(-60.0, 101), (-50.0, 105), (-40.0, 234), (-30.0, 265), (-20.0, 5973), (-10.0, 5985)]   ✅单调不减
  ΔG=+2 T60=0.5 sd=2: N2_lvl 逐档 [(-60.0, 201), (-50.0, 229), (-40.0, 910), (-30.0, 2232), (-20.0, 5975), (-10.0, 5985)]   ✅单调不减
  ΔG=+4 T60=0.2 sd=0: N2_lvl 逐档 [(-60.0, 355), (-50.0, 448), (-40.0, 1691), (-30.0, 2543), (-20.0, 5980), (-10.0, 5986)]   ✅单调不减
  ΔG=+4 T60=0.2 sd=1: N2_lvl 逐档 [(-60.0, 1332), (-50.0, 232), (-40.0, 1267), (-30.0, 2693), (-20.0, 5975), (-10.0, 5985)]   ⛔ 出现下降:[(-60.0, 1332, -50.0, 232)]
  ΔG=+4 T60=0.2 sd=2: N2_lvl 逐档 [(-60.0, 331), (-50.0, 266), (-40.0, 1423), (-30.0, 1431), (-20.0, 5977), (-10.0, 5985)]   ⛔ 出现下降:[(-60.0, 331, -50.0, 266)]
  ΔG=+4 T60=0.5 sd=0: N2_lvl 逐档 [(-60.0, 487), (-50.0, 570), (-40.0, 959), (-30.0, 1331), (-20.0, 5977), (-10.0, 5986)]   ✅单调不减
  ΔG=+4 T60=0.5 sd=1: N2_lvl 逐档 [(-60.0, 334), (-50.0, 376), (-40.0, 2304), (-30.0, 2667), (-20.0, 5974), (-10.0, 5194)]   ⛔ 出现下降:[(-20.0, 5974, -10.0, 5194)]
  ΔG=+4 T60=0.5 sd=2: N2_lvl 逐档 [(-60.0, 2319), (-50.0, 2127), (-40.0, 2289), (-30.0, 3064), (-20.0, 5977), (-10.0, 5985)]   ⛔ 出现下降:[(-60.0, 2319, -50.0, 2127)]

总耗时 1038 s。⛔ 未经 critic 评审;本文件不含结论性判读。
