未经 critic 评审 —— r77b · 开环注入探针【重做】  [L2/宿主仿真]
预注册 = PREREG_r76.txt §7(判据)+ §8(修法与两条守卫,均在本件产出数据之前落盘)
⛔ 前件 r77 判定【无效】(18/18 基线发散 + 0/108 挂陷 ⇒ 器械无分辨力),已加事后横幅
基线(ΔG, 基线源电平)= [(1.0, -40.0), (2.0, -40.0), (1.0, -20.0)];三者在 r76 固定 G 表上均为 **起振 0/6**(实测,非假设)
工作点:T_OBS=6s / 源电平∈[-60, -50, -40, -30, -20, -10] / T_low=−45 / bw_oct=1/5 / f_cut=8000 / cal_offset_db=0.0 / 开环(输出丢弃,无反馈)

### T60=0.2 sd=0  基线 ΔG=+1 @ src=-40  (基线自身起振=False;基线 lp RMS=-37.39 dBFS;基线闭环挂陷=1)
   注入src    N1@槽1    N2@槽1     挂陷@槽1   N1@槽10   N2@槽10     挂陷@槽10     N1全程     N2全程    挂陷
     -60       16        0         0      160        0          0     6000        6     0
     -50       16        0         0      160        0          0     6000       24     0
     -40       16        0         0      160        0          0     6000      359     1
     -30       16        0         0      160       11          0     6000      236     0
     -20       16        0         0      160      137          0     6000     5977     0
     -10       16        2         0      160      146          0     6000     5986     0

### T60=0.2 sd=0  基线 ΔG=+2 @ src=-40  (基线自身起振=False;基线 lp RMS=-38.33 dBFS;基线闭环挂陷=3)
   注入src    N1@槽1    N2@槽1     挂陷@槽1   N1@槽10   N2@槽10     挂陷@槽10     N1全程     N2全程    挂陷
     -60       16        0         0      160        0          0     6000        0     0
     -50       16        0         0      160        0          0     6000       20     0
     -40       16        0         0      160        1          0     6000     1348     3
     -30       16        0         0      160       26          0     6000      986     1
     -20       16        0         0      160      137          0     6000     5977     1
     -10       16        2         0      160      146          0     6000     5986     0

### T60=0.2 sd=0  基线 ΔG=+1 @ src=-20  (基线自身起振=False;基线 lp RMS=-19.18 dBFS;基线闭环挂陷=1)
   注入src    N1@槽1    N2@槽1     挂陷@槽1   N1@槽10   N2@槽10     挂陷@槽10     N1全程     N2全程    挂陷
     -60       16        0         0      160        0          0     6000        0     0
     -50       16        0         0      160        0          0     6000        9     0
     -40       16        0         0      160        0          0     6000       28     0
     -30       16        0         0      160       11          0     6000      533     1
     -20       16        0         0      160      137          0     6000     5977     1
     -10       16        2         0      160      146          0     6000     5986     1

### T60=0.2 sd=1  基线 ΔG=+1 @ src=-40  (基线自身起振=False;基线 lp RMS=-36.21 dBFS;基线闭环挂陷=1)
   注入src    N1@槽1    N2@槽1     挂陷@槽1   N1@槽10   N2@槽10     挂陷@槽10     N1全程     N2全程    挂陷
     -60       16        0         0      160        0          0     6000        9     0
     -50       16        0         0      160        0          0     6000       26     0
     -40       16        0         0      160        0          0     6000      740     1
     -30       16        0         0      160       15          0     6000      163     0
     -20       16        0         0      160      135          0     6000     5975     0
     -10       16        1         0      160      145          0     6000     5985     0

### T60=0.2 sd=1  基线 ΔG=+2 @ src=-40  (基线自身起振=False;基线 lp RMS=-38.35 dBFS;基线闭环挂陷=3)
   注入src    N1@槽1    N2@槽1     挂陷@槽1   N1@槽10   N2@槽10     挂陷@槽10     N1全程     N2全程    挂陷
     -60       16        0         0      160        0          0     6000        0     0
     -50       16        0         0      160        0          0     6000       20     0
     -40       16        0         0      160        0          0     6000     1461     3
     -30       16        0         0      160       19          0     6000      775     1
     -20       16        0         0      160      135          0     6000     5975     1
     -10       16        1         0      160      145          0     6000     5985     1

### T60=0.2 sd=1  基线 ΔG=+1 @ src=-20  (基线自身起振=False;基线 lp RMS=-19.20 dBFS;基线闭环挂陷=1)
   注入src    N1@槽1    N2@槽1     挂陷@槽1   N1@槽10   N2@槽10     挂陷@槽10     N1全程     N2全程    挂陷
     -60       16        0         0      160        0          0     6000        0     0
     -50       16        0         0      160        0          0     6000       10     0
     -40       16        0         0      160        0          0     6000       27     0
     -30       16        0         0      160       15          0     6000      795     1
     -20       16        0         0      160      135          0     6000     5975     1
     -10       16        1         0      160      145          0     6000     5985     1

### T60=0.2 sd=2  基线 ΔG=+1 @ src=-40  (基线自身起振=False;基线 lp RMS=-35.67 dBFS;基线闭环挂陷=1)
   注入src    N1@槽1    N2@槽1     挂陷@槽1   N1@槽10   N2@槽10     挂陷@槽10     N1全程     N2全程    挂陷
     -60       16        0         0      160        0          0     6000       13     0
     -50       16        0         0      160        0          0     6000       29     1
     -40       16        0         0      160        0          0     6000      785     1
     -30       16        0         0      160        9          0     6000      120     0
     -20       16        0         0      160      136          0     6000     5976     0
     -10       16        1         0      160      145          0     6000     5985     0

### T60=0.2 sd=2  基线 ΔG=+2 @ src=-40  (基线自身起振=False;基线 lp RMS=-38.95 dBFS;基线闭环挂陷=2)
   注入src    N1@槽1    N2@槽1     挂陷@槽1   N1@槽10   N2@槽10     挂陷@槽10     N1全程     N2全程    挂陷
     -60       16        0         0      160        0          0     6000        0     0
     -50       16        0         0      160        0          0     6000       10     0
     -40       16        0         0      160        2          0     6000     1069     2
     -30       16        0         0      160       30          0     6000      273     0
     -20       16        0         0      160      137          0     6000     5977     0
     -10       16        1         0      160      145          0     6000     5985     0

### T60=0.2 sd=2  基线 ΔG=+1 @ src=-20  (基线自身起振=False;基线 lp RMS=-19.61 dBFS;基线闭环挂陷=1)
   注入src    N1@槽1    N2@槽1     挂陷@槽1   N1@槽10   N2@槽10     挂陷@槽10     N1全程     N2全程    挂陷
     -60       16        0         0      160        0          0     6000        0     0
     -50       16        0         0      160        0          0     6000        0     0
     -40       16        0         0      160        0          0     6000        6     0
     -30       16        0         0      160        9          0     6000      734     1
     -20       16        0         0      160      136          0     6000     5976     1
     -10       16        1         0      160      145          0     6000     5985     1

### T60=0.5 sd=0  基线 ΔG=+1 @ src=-40  (基线自身起振=False;基线 lp RMS=-39.08 dBFS;基线闭环挂陷=2)
   注入src    N1@槽1    N2@槽1     挂陷@槽1   N1@槽10   N2@槽10     挂陷@槽10     N1全程     N2全程    挂陷
     -60       16        0         0      160        0          0     6000        0     0
     -50       16        0         0      160        0          0     6000        0     0
     -40       16        0         0      160        0          0     6000      960     2
     -30       16        0         0      160        1          0     6000      234     0
     -20       16        0         0      160      136          0     6000     5976     0
     -10       16        2         0      160      146          0     6000     5986     0

### T60=0.5 sd=0  基线 ΔG=+2 @ src=-40  (基线自身起振=False;基线 lp RMS=-36.92 dBFS;基线闭环挂陷=1)
   注入src    N1@槽1    N2@槽1     挂陷@槽1   N1@槽10   N2@槽10     挂陷@槽10     N1全程     N2全程    挂陷
     -60       16        0         0      160        0          0     6000        0     0
     -50       16        0         0      160        0          0     6000       48     0
     -40       16        0         0      160        0          0     6000      611     1
     -30       16        0         0      160        4          0     6000      545     0
     -20       16        0         0      160      136          0     6000     5976     0
     -10       16        2         0      160      146          0     6000     5986     0

### T60=0.5 sd=0  基线 ΔG=+1 @ src=-20  (基线自身起振=False;基线 lp RMS=-19.49 dBFS;基线闭环挂陷=2)
   注入src    N1@槽1    N2@槽1     挂陷@槽1   N1@槽10   N2@槽10     挂陷@槽10     N1全程     N2全程    挂陷
     -60       16        0         0      160        0          0     6000        0     0
     -50       16        0         0      160        0          0     6000        0     0
     -40       16        0         0      160        0          0     6000        2     0
     -30       16        0         0      160        1          0     6000      816     2
     -20       16        0         0      160      136          0     6000     5976     2
     -10       16        2         0      160      146          0     6000     5986     2

### T60=0.5 sd=1  基线 ΔG=+1 @ src=-40  (基线自身起振=False;基线 lp RMS=-38.28 dBFS;基线闭环挂陷=2)
   注入src    N1@槽1    N2@槽1     挂陷@槽1   N1@槽10   N2@槽10     挂陷@槽10     N1全程     N2全程    挂陷
     -60       16        0         0      160        0          0     6000        0     0
     -50       16        0         0      160        0          0     6000        0     0
     -40       16        0         0      160        0          0     6000      208     2
     -30       16        0         0      160        2          0     6000      165     0
     -20       16        0         0      160      132          0     6000     5972     0
     -10       16        1         0      160      145          0     6000     5985     0

### T60=0.5 sd=1  基线 ΔG=+2 @ src=-40  (基线自身起振=False;基线 lp RMS=-33.72 dBFS;基线闭环挂陷=2)
   注入src    N1@槽1    N2@槽1     挂陷@槽1   N1@槽10   N2@槽10     挂陷@槽10     N1全程     N2全程    挂陷
     -60       16        0         0      160        0          0     6000        0     0
     -50       16        0         0      160        0          0     6000       43     0
     -40       16        0         0      160        0          0     6000      234     2
     -30       16        0         0      160        8          0     6000      162     0
     -20       16        0         0      160      133          0     6000     5973     0
     -10       16        1         0      160      145          0     6000     5985     0

### T60=0.5 sd=1  基线 ΔG=+1 @ src=-20  (基线自身起振=False;基线 lp RMS=-19.28 dBFS;基线闭环挂陷=2)
   注入src    N1@槽1    N2@槽1     挂陷@槽1   N1@槽10   N2@槽10     挂陷@槽10     N1全程     N2全程    挂陷
     -60       16        0         0      160        0          0     6000        0     0
     -50       16        0         0      160        0          0     6000        0     0
     -40       16        0         0      160        0          0     6000       15     0
     -30       16        0         0      160        2          0     6000      235     2
     -20       16        0         0      160      132          0     6000     5972     2
     -10       16        1         0      160      145          0     6000     5985     2

### T60=0.5 sd=2  基线 ΔG=+1 @ src=-40  (基线自身起振=False;基线 lp RMS=-38.85 dBFS;基线闭环挂陷=3)
   注入src    N1@槽1    N2@槽1     挂陷@槽1   N1@槽10   N2@槽10     挂陷@槽10     N1全程     N2全程    挂陷
     -60       16        0         0      160        0          0     6000        0     0
     -50       16        0         0      160        0          0     6000        0     0
     -40       16        0         0      160        0          0     6000     1484     3
     -30       16        0         0      160        5          0     6000      363     0
     -20       16        0         0      160      135          0     6000     5975     0
     -10       16        1         0      160      145          0     6000     5985     0

### T60=0.5 sd=2  基线 ΔG=+2 @ src=-40  (基线自身起振=False;基线 lp RMS=-32.06 dBFS;基线闭环挂陷=1)
   注入src    N1@槽1    N2@槽1     挂陷@槽1   N1@槽10   N2@槽10     挂陷@槽10     N1全程     N2全程    挂陷
     -60       16        0         0      160        0          0     6000       21     0
     -50       16        0         0      160        0          0     6000      125     3
     -40       16        0         0      160        0          0     6000      910     1
     -30       16        0         0      160       14          0     6000      549     0
     -20       16        0         0      160      135          0     6000     5975     0
     -10       16        1         0      160      145          0     6000     5985     0

### T60=0.5 sd=2  基线 ΔG=+1 @ src=-20  (基线自身起振=False;基线 lp RMS=-19.52 dBFS;基线闭环挂陷=2)
   注入src    N1@槽1    N2@槽1     挂陷@槽1   N1@槽10   N2@槽10     挂陷@槽10     N1全程     N2全程    挂陷
     -60       16        0         0      160        0          0     6000        0     0
     -50       16        0         0      160        0          0     6000        0     0
     -40       16        0         0      160        0          0     6000       23     0
     -30       16        0         0      160        5          0     6000     1277     2
     -20       16        0         0      160      135          0     6000     5975     2
     -10       16        1         0      160      145          0     6000     5985     2

======================================================================================================================
§G 两条守卫(PREREG §8;**不合格则本件判定作废,⛔ 不得报判定**)
======================================================================================================================
  G1 基线自身起振的 block:**0 / 18**(要求 0)  ✅ 合格
  G2 全程挂陷>0 的行:**37 / 108**;block 内挂陷随源电平变化的 block:**18 / 18**(要求 ≥1)  ✅ 合格(cov 通路被真的走到 ⇒ Hs3 是能失败的测试)
     (0.2, 0, 1.0, -40.0): 挂陷逐档 [(-60.0, 0), (-50.0, 0), (-40.0, 1), (-30.0, 0), (-20.0, 0), (-10.0, 0)]
     (0.2, 0, 1.0, -20.0): 挂陷逐档 [(-60.0, 0), (-50.0, 0), (-40.0, 0), (-30.0, 1), (-20.0, 1), (-10.0, 1)]
     (0.2, 0, 2.0, -40.0): 挂陷逐档 [(-60.0, 0), (-50.0, 0), (-40.0, 3), (-30.0, 1), (-20.0, 1), (-10.0, 0)]
     (0.2, 1, 1.0, -40.0): 挂陷逐档 [(-60.0, 0), (-50.0, 0), (-40.0, 1), (-30.0, 0), (-20.0, 0), (-10.0, 0)]
     (0.2, 1, 1.0, -20.0): 挂陷逐档 [(-60.0, 0), (-50.0, 0), (-40.0, 0), (-30.0, 1), (-20.0, 1), (-10.0, 1)]
     (0.2, 1, 2.0, -40.0): 挂陷逐档 [(-60.0, 0), (-50.0, 0), (-40.0, 3), (-30.0, 1), (-20.0, 1), (-10.0, 1)]

======================================================================================================================
§H 预注册假设逐条机械对表(判据与 §7 逐字相同;⛔ 判读文字由人在看到数之后写)
======================================================================================================================
  Hs1 `N1_cand` 各档完全相同:已查 54 组,违反 **0**
  Hs2 **第 1 槽**(挂陷应为 0 ⇒ 门恒为 T_low ⇒ 纯门算术) `N2_lvl` 单调不减:已比 90 对,违反 **0**
     ⚠ 前提核查:第 1 槽时挂陷 ≠ 0 的行数 = **0**(应为 0)
  Hs3 **全程**(⛔ 本条不预测方向) `N2_lvl` 单调不减:已比 90 对,违反 **12**
     ⚠ ((0.2, 0, 1.0, -40.0), (-40.0, 359, 1), (-30.0, 236, 0))
     ⚠ ((0.2, 0, 2.0, -40.0), (-40.0, 1348, 3), (-30.0, 986, 1))
     ⚠ ((0.2, 1, 1.0, -40.0), (-40.0, 740, 1), (-30.0, 163, 0))
     ⚠ ((0.2, 1, 2.0, -40.0), (-40.0, 1461, 3), (-30.0, 775, 1))
     ⚠ ((0.2, 2, 1.0, -40.0), (-40.0, 785, 1), (-30.0, 120, 0))
     ⚠ ((0.2, 2, 2.0, -40.0), (-40.0, 1069, 2), (-30.0, 273, 0))
     ⚠ ((0.5, 0, 1.0, -40.0), (-40.0, 960, 2), (-30.0, 234, 0))
     ⚠ ((0.5, 0, 2.0, -40.0), (-40.0, 611, 1), (-30.0, 545, 0))
     ⚠ ((0.5, 1, 1.0, -40.0), (-40.0, 208, 2), (-30.0, 165, 0))
     ⚠ ((0.5, 1, 2.0, -40.0), (-40.0, 234, 2), (-30.0, 162, 0))
     ⚠ ((0.5, 2, 1.0, -40.0), (-40.0, 1484, 3), (-30.0, 363, 0))
     ⚠ ((0.5, 2, 2.0, -40.0), (-40.0, 910, 1), (-30.0, 549, 0))

  判别表(预注册 §7):
    Hs2 成立 ∧ Hs3 成立   ⇒ 非单调**全部**来自闭环自反馈
    Hs2 成立 ∧ Hs3 不成立 ⇒ 非单调来自算法自身状态(cov ⇒ 门降到 T_low_gr),不是门算术
    Hs2 不成立            ⇒ **门算术本身有问题,整轮存疑**
  ⚠ 该判别表只在 §G 两条守卫**都合格**时可用。

总耗时 202 s。⛔ 未经 critic 评审;本文件不含结论性判读。
