未经 critic 评审 —— r78 单格 tag=C3 T60=0.2  [L2/宿主仿真]  预注册 = PREREG_r78.txt
格定义:bw_shape(职A 滤波器形状)=0.1(= 1/10) / bw_match(职B 分配匹配窗)=回落=shape
        总陷波带宽预算 = 8 × 0.1 = **0.80 倍频程**(文献预算 0.8–1.2;现状 1/5 ⇒ 1.60 = 超 1.3–2×)
固定:src_rms=-20 dBFS(标称) / 修法关 / T_OBS=12s / T_low=−45 / f_cut=8000 / 8槽全空 / STEP=0.5 / depth=-18.0(臂O)
⚠ 评价用邻域(职D)**钉死 1/5**,各档共用同一把尺子;神谕 picks 随 bw_shape 变(职C)⇒ cov/hit 跨档只可粗读
⛔ 呈报 = 同条件内比较(Z/Y%),不报绝对值;⛔ 仪器底 0.354 dB,差值 < 它 ⇒ 不可判

  T60  sd      m0     ΔMSG_自选@消融    ΔMSG_自选@有duck     ΔMSG_上界@神谕      Z    Y%    挂陷   top1    hit    cov
  0.2   0  -11.85           5.00             7.50           3.00  -2.00   167     8   True   0.88   0.88
        picks=[1082.1, 1556.2, 1867.0, 2258.6, 2558.6, 4101.7, 4641.7, 6194.6]
        频点 N=[592.0, 1080.1, 1550.8, 1863.7, 2559.6, 4104.5, 4640.7, 5841.0]
        ⭐占用普查 N: N0_locmax=99736 N1_cand=12000 槽数=750 **table_full=750**(=len(loc)>16 的槽数) **n_track 峰值=11/12** 直方图=[317, 160, 95, 93, 38, 11, 18, 3, 4, 3, 6, 2, 0]
        臂O: 挂陷=8/8 频点==picks:True  (INV-O 构造精确)

  0.2   1  -12.93           3.50             6.50           3.50   0.00   100     8   True   0.75   0.75
        picks=[108.9, 1035.3, 1399.3, 2518.7, 3273.8, 3824.1, 5506.7, 7579.7]
        频点 N=[364.6, 765.3, 1033.5, 2517.4, 3483.4, 3826.8, 5504.0, 7580.4]
        ⭐占用普查 N: N0_locmax=101329 N1_cand=12000 槽数=750 **table_full=750**(=len(loc)>16 的槽数) **n_track 峰值=7/12** 直方图=[327, 145, 87, 101, 37, 28, 18, 7, 0, 0, 0, 0, 0]
        臂O: 挂陷=8/8 频点==picks:True  (INV-O 构造精确)

  0.2   2  -13.08           4.00             7.00           5.00   1.00    80     8   True   0.75   0.88
        picks=[2402.3, 2775.3, 3114.9, 3722.5, 4378.8, 5378.5, 6202.4, 7062.2]
        频点 N=[1029.7, 1515.9, 2457.6, 3042.1, 4174.8, 5377.3, 6202.0, 7512.6]
        ⭐占用普查 N: N0_locmax=100516 N1_cand=12000 槽数=750 **table_full=750**(=len(loc)>16 的槽数) **n_track 峰值=10/12** 直方图=[387, 167, 122, 29, 10, 10, 11, 3, 6, 3, 2, 0, 0]
        臂O: 挂陷=8/8 频点==picks:True  (INV-O 构造精确)

总耗时 1086 s。⛔ 未经 critic 评审;本文件不含结论性判读。
