未经 critic 评审 —— r78 单格 tag=C3 T60=0.5  [L2/宿主仿真]  预注册 = PREREG_r78.txt
格定义:bw_shape(职A 滤波器形状)=0.1(= 1/10) / bw_match(职B 分配匹配窗)=回落=shape
        总陷波带宽预算 = 8 × 0.1 = **0.80 倍频程**(文献预算 0.8–1.2;现状 1/5 ⇒ 1.60 = 超 1.3–2×)
固定:src_rms=-20 dBFS(标称) / 修法关 / T_OBS=12s / T_low=−45 / f_cut=8000 / 8槽全空 / STEP=0.5 / depth=-18.0(臂O)
⚠ 评价用邻域(职D)**钉死 1/5**,各档共用同一把尺子;神谕 picks 随 bw_shape 变(职C)⇒ cov/hit 跨档只可粗读
⛔ 呈报 = 同条件内比较(Z/Y%),不报绝对值;⛔ 仪器底 0.354 dB,差值 < 它 ⇒ 不可判

  T60  sd      m0     ΔMSG_自选@消融    ΔMSG_自选@有duck     ΔMSG_上界@神谕      Z    Y%    挂陷   top1    hit    cov
  0.5   0  -12.49           2.00             3.50           2.50   0.50    80     6  False   0.83   0.75
        picks=[1635.6, 2258.9, 2695.1, 3033.8, 4641.4, 5624.8, 6194.8, 6892.3]
        频点 N=[590.8, 1551.7, 2560.1, 2793.6, 4641.2, 6264.9]
        ⭐占用普查 N: N0_locmax=100613 N1_cand=12000 槽数=750 **table_full=750**(=len(loc)>16 的槽数) **n_track 峰值=7/12** 直方图=[500, 134, 30, 35, 9, 9, 19, 14, 0, 0, 0, 0, 0]
        臂O: 挂陷=8/8 频点==picks:True  (INV-O 构造精确)

  0.5   1  -13.75           2.00             3.00           4.50   2.50    44     4   True   1.00   0.50
        picks=[368.4, 1035.2, 1399.7, 2518.2, 3273.8, 4054.9, 5506.0, 7579.4]
        频点 N=[1033.7, 2517.0, 4057.9, 7578.9]
        ⭐占用普查 N: N0_locmax=101884 N1_cand=12000 槽数=750 **table_full=750**(=len(loc)>16 的槽数) **n_track 峰值=5/12** 直方图=[534, 166, 17, 3, 28, 2, 0, 0, 0, 0, 0, 0, 0]
        臂O: 挂陷=8/8 频点==picks:True  (INV-O 构造精确)

  0.5   2  -12.52           1.50             2.00           3.00   1.50    50     5   True   1.00   0.62
        picks=[716.2, 2403.0, 2684.0, 3114.8, 3721.8, 4379.2, 5378.1, 7061.7]
        频点 N=[717.2, 3112.7, 4377.5, 5377.0, 7062.2]
        ⭐占用普查 N: N0_locmax=101252 N1_cand=12000 槽数=750 **table_full=750**(=len(loc)>16 的槽数) **n_track 峰值=5/12** 直方图=[519, 149, 35, 9, 31, 7, 0, 0, 0, 0, 0, 0, 0]
        臂O: 挂陷=8/8 频点==picks:True  (INV-O 构造精确)

总耗时 1387 s。⛔ 未经 critic 评审;本文件不含结论性判读。
