未经 critic 评审 —— r80c · 换判据重测(斜率过零)+ 原文形状标定  [L2/宿主仿真]
⛔⛔ 更正 lead 给本格的前提(第二次更正同一条):
   `is_howling` **不是**窄带判据,读码确认为**宽带 RMS + 双门迟滞 + 末段保持**;
   真正失效 = **窗长不足**(频移拉长建立时间 ⇒ 12 s 内没涨到 ref+6 dB)。
   ⇒ 换判据的正确方向是【不依赖窗长】,不是【不依赖窄带】。lead 的处方对,理由改写。
新判据:环内包络斜率(dB/s,弃前 1/3 线性拟合)⇒ **MSG_slope = 斜率过零点的 G**
        ⛔ 无新阈值 —— 过零是失稳的定义本身
工作点:src=-20 dBFS / T_OBS=12s / 频移器 Hilbert 513 taps / 无陷波(纯频移臂)

### T60=0.2 sd=0  anchor=-11.85
    斜率噪声底(m0 @ anchor−6):-0.002 dB/s
    m0 臂 MSG_slope = -13.35
    Δf  MSG_slope  ΔMSG_slope     MSG_旧判据    ΔMSG_旧      高估
     0     -13.08        0.26         nan       nan     nan
     2     -10.73        2.62       -9.85      3.50    0.88
     5     -13.15        0.20       -8.35      5.00    4.80
     8     -11.76        1.59       -7.85      5.50    3.91
    20      -4.06        9.29       -5.85      7.50   -1.79
   200      -2.59       10.76       -4.85      8.50   -2.26

### T60=0.2 sd=1  anchor=-12.93
    斜率噪声底(m0 @ anchor−6):+0.001 dB/s
    m0 臂 MSG_slope = -16.86
    Δf  MSG_slope  ΔMSG_slope     MSG_旧判据    ΔMSG_旧      高估
     0     -14.49        2.37         nan       nan     nan
