未经 critic 评审 —— r86a · `recheck_free` 默认关的逐位等价 + 阳性对照  [L2/宿主仿真]
⚠ 器械必须能失败(r77/r66a 教训)⇒ 阳性对照与等价对照**同等必报**。

======================================================================================================================
§0 对照臂身份(现场复算,⛔ 不靠转述)
======================================================================================================================
   归档件 nhs_legacy_c2eb9bef.py  sha256[0:16] = c2eb9bef77bc06ea  期望 c2eb9bef77bc06ea  ⇒ ✅ 相符(= VERSIONS.txt 链末端)
   来源:git show 5c56d025:01_design/prototype_W1P/nhs.py(**本件跑前现场取,跑完即删**)
   当前版 nhs.py sha256[0:16] = b77a0524669386af
   ⚠ 两版之间共 **3 跳**:c2eb9bef →(r84 漏斗遥测)57ced119 →(r85 preempt_log)47a57d21 →(r86 recheck_free)b77a0524
   ⇒ 本件一次性对照首尾两端 ⇒ 三跳一并被证(或一并被否)

   判据:行为等价 = y(输出信号)/ loop(求和节点)/ slots(陷波器状态)三项逐位
        + ctr **共有键**逐值;新增的纯计数键单列(⛔ 不计入差异,也不藏)

======================================================================================================================
§A 块 A(= r78a 同工作点,便于横比):T_OBS=3s / ΔG∈[1.0, 3.0] / src∈[-20, -60] / bw_oct=1/5 / T_low=−45
======================================================================================================================
  T60  sd   src    T        G |          ①默认 vs 归档c2eb9bef |      ②阳性(强制 recheck_free=True)
  0.2   0   -20    3   -10.85 |                      ✅逐位相同 |                         ⛔(无差异)
  0.2   0   -20    3    -8.85 |                      ✅逐位相同 |     ✅出现差异于 y,loop,slots,ctr共有键
  0.2   0   -60    3   -10.85 |                      ✅逐位相同 |                         ⛔(无差异)
  0.2   0   -60    3    -8.85 |                      ✅逐位相同 |     ✅出现差异于 y,loop,slots,ctr共有键
  0.2   1   -20    3   -11.93 |                      ✅逐位相同 |                         ⛔(无差异)
  0.2   1   -20    3    -9.93 |                      ✅逐位相同 |                         ⛔(无差异)
  0.2   1   -60    3   -11.93 |                      ✅逐位相同 |                         ⛔(无差异)
  0.2   1   -60    3    -9.93 |                      ✅逐位相同 |                         ⛔(无差异)
  0.2   2   -20    3   -12.08 |                      ✅逐位相同 |                         ⛔(无差异)
  0.2   2   -20    3   -10.08 |                      ✅逐位相同 |                         ⛔(无差异)
  0.2   2   -60    3   -12.08 |                      ✅逐位相同 |                         ⛔(无差异)
  0.2   2   -60    3   -10.08 |                      ✅逐位相同 |                         ⛔(无差异)
  0.5   0   -20    3   -11.49 |                      ✅逐位相同 |                         ⛔(无差异)
  0.5   0   -20    3    -9.49 |                      ✅逐位相同 |                  ✅出现差异于 ctr共有键
  0.5   0   -60    3   -11.49 |                      ✅逐位相同 |           ✅出现差异于 y,loop,ctr共有键
  0.5   0   -60    3    -9.49 |                      ✅逐位相同 |           ✅出现差异于 y,loop,ctr共有键
  0.5   1   -20    3   -12.75 |                      ✅逐位相同 |                         ⛔(无差异)
  0.5   1   -20    3   -10.75 |                      ✅逐位相同 |                  ✅出现差异于 ctr共有键
  0.5   1   -60    3   -12.75 |                      ✅逐位相同 |     ✅出现差异于 y,loop,slots,ctr共有键
  0.5   1   -60    3   -10.75 |                      ✅逐位相同 |           ✅出现差异于 y,loop,ctr共有键
  0.5   2   -20    3   -11.52 |                      ✅逐位相同 |     ✅出现差异于 y,loop,slots,ctr共有键
  0.5   2   -20    3    -9.52 |                      ✅逐位相同 |     ✅出现差异于 y,loop,slots,ctr共有键
  0.5   2   -60    3   -11.52 |                      ✅逐位相同 |     ✅出现差异于 y,loop,slots,ctr共有键
  0.5   2   -60    3    -9.52 |                      ✅逐位相同 |     ✅出现差异于 y,loop,slots,ctr共有键

======================================================================================================================
§B 块 B(= r87 闸门同工作点,该处开关可达性已发表 5/6):T_OBS=12s / src=-20 / G = r76 已落盘的基线终点(m0+dA)
   ⚠ 选它的理由**跑前写明**:块 A 是短窗,开关可能天然打不到 ⇒ 需要一个【可达性已独立发表】的工作点,免得 ② 的失败被归因错(r66a:『没打到』与『打了没用』同形)
======================================================================================================================
  T60  sd   src    T        G |          ①默认 vs 归档c2eb9bef |      ②阳性(强制 recheck_free=True)
  0.2   0   -20   12    -5.85 |                      ✅逐位相同 |     ✅出现差异于 y,loop,slots,ctr共有键
  0.2   1   -20   12   -10.93 |                      ✅逐位相同 |     ✅出现差异于 y,loop,slots,ctr共有键
  0.2   2   -20   12    -9.08 |                      ✅逐位相同 |           ✅出现差异于 y,loop,ctr共有键
  0.5   0   -20   12    -9.99 |                      ✅逐位相同 |     ✅出现差异于 y,loop,slots,ctr共有键
  0.5   1   -20   12   -11.75 |                      ✅逐位相同 |                         ⛔(无差异)
  0.5   2   -20   12   -10.02 |                      ✅逐位相同 |     ✅出现差异于 y,loop,slots,ctr共有键

======================================================================================================================
§V 判定
======================================================================================================================
  ① 默认(recheck_free=False)vs 归档 c2eb9bef:**30/30 逐位相同**(块A 24/24 · 块B 6/6)⇒ PASS
  ② 阳性对照(强制 recheck_free=True):**17/30 出现差异**(块A 12/24 · 块B 5/6)⇒ PASS(比对器有分辨力且开关确实接上了)
  新增纯计数键(仅当前版有,⛔ 不计入差异):['A1_in', 'A2_deepen_branch', 'A3_cmd_db', 'A3_deepen_real', 'F1_cls_out', 'F2_kept', 'F3_dropped', 'F4_drop_notched', 'F5_kept_notched']

   对照臂副本 nhs_legacy_c2eb9bef.py **已删除**(可由上面那条 git 命令原样再取,哈希已留痕)

总耗时 233 s。⛔ 未经 critic 评审;本文件不含结论性判读。
