未经 critic 评审 —— r87 单格 tag=t05s0  [L2/宿主仿真]  预注册 = PREREG_r87b.txt
deps: nhs.py@b77a0524669386af clrig.py@ed46450303b0423c howl_detect.py@fd63e901f2d8be33 msg_meter.py@a0c16fd22b29f083 r81_windowcheck.py@8164827cd49188a5
工作点:T60=0.5 seed=0 / src_rms=-20.0 dBFS(**标称**) / T_OBS=12 s / bw_oct=1/5 / T_low=-45 / T_low_gr=-65 / NN=8 槽全空 / n_cand=16 / f_cut=8000(**环路 8k 以上被带限**) / STEP=0.5 / fs=48k / frame=64 / nfft=2^18 / cal_offset_db=0.0 / prefer_unnotched=False
臂:m0=无proc / A_base=rf关+duck消融(**主列基线**) / A_rf=rf开+duck消融(**主列修法**)
   D_base=rf关+duck不消融(附列) / D_rf=rf开+duck不消融(附列)
⚠ 仪器底 0.354 dB = STEP/2×√2;而两臂同锚同栅格 ⇒ δ 恒为 0.5 的整数倍(预注册 §5 跑前写死)

  臂 m0       m= -12.49  f_trig=  2259.0 Hz  status=ok         (62s)
  臂 A_base   m=  -9.99  f_trig=  2258.0 Hz  status=ok         (80s)
  臂 A_rf     m=  -9.99  f_trig=  2258.0 Hz  status=ok         (81s)
  臂 D_base   m=  -9.49  f_trig=  4641.0 Hz  status=ok         (89s)
  臂 D_rf     m=  -9.49  f_trig=  4642.0 Hz  status=ok         (87s)

       臂     ΔMSG      终点G    挂陷      深度中位   g_duck最深     末−首dB     到峰/窗             窗判定    f_trig
      m0     0.00   -12.49    -1       nan        nan     +0.30     0.85     **⛔ 只能作上界**    2259.0
  A_base     2.50    -9.99     4    -18.00      -6.00     -8.20     0.08            ✅ 干净    2258.0
    A_rf     2.50    -9.99     4    -18.00      -6.00     -8.20     0.08            ✅ 干净    2258.0
  D_base     3.00    -9.49     5    -15.00      -6.00    -10.13     0.07            ✅ 干净    4641.0
    D_rf     3.00    -9.49     5    -15.00      -6.00    -10.13     0.07            ✅ 干净    4642.0

  A_base   深度分布 [-18.0, -18.0, -18.0, -18.0]  频点 [1550.9, 2793.4, 4641.1, 6265.2]
           计数 N1=12000 N2=11976 N4=31 N5=45 preempt=0 A3_deepen_real=25 F2_kept=45 F3_dropped=22 F4_drop_notched=18
  A_rf     深度分布 [-18.0, -18.0, -18.0, -18.0]  频点 [1550.9, 2793.4, 4641.1, 6265.2]
           计数 N1=12000 N2=11976 N4=31 N5=63 preempt=0 A3_deepen_real=25 F2_kept=63 F3_dropped=4 F4_drop_notched=0
  D_base   深度分布 [-18.0, -18.0, -15.0, -12.0, -6.0]  频点 [590.8, 1552.2, 2560.1, 4641.2, 6892.4]
           计数 N1=12000 N2=11976 N4=18 N5=65 preempt=0 A3_deepen_real=19 F2_kept=65 F3_dropped=19 F4_drop_notched=9
  D_rf     深度分布 [-18.0, -18.0, -15.0, -12.0, -6.0]  频点 [590.8, 1552.2, 2560.1, 4641.2, 6892.4]
           计数 N1=12000 N2=11976 N4=18 N5=74 preempt=0 A3_deepen_real=19 F2_kept=74 F3_dropped=10 F4_drop_notched=0


§7 诊断(⛔ 非闸门):A_base vs r76 同工作点已落盘值
   m0      本轮 -12.49 vs r76 -12.49  ⇒ 相符
   ΔMSG    本轮 +2.50 vs r76 dA=+2.50  ⇒ 相符
   挂陷    本轮 4 vs r76 n_notch_Na=4  ⇒ 相符
   终点lp  本轮 -17.99 vs r76 lp_Na=-17.993034379929654  ⇒ 相符
   ⚠ 四项全符 ⇒ 「recheck_free 默认关 = 行为不变」在 ΔMSG 层面得到一次**事后**支持;
     ⛔ 它**不等于**盘面上的逐位等价证据件(§1 核①(c):r86a_bitexact 不存在)

总耗时 399 s。⛔ 未经 critic 评审;本文件不含结论性判读。
