未经 critic 评审 —— r87 · `recheck_free` 的 **ΔMSG 验证扫描**  [L2/宿主仿真]
预注册 = PREREG_r87b.txt(跑前落盘,§4/§5 跑后未改)。闸门 = r87_gate_out.txt
工作点:src_rms=**−20.0 dBFS(标称)** / T_OBS=**12 s** / prefer_unnotched=**关** /
       bw_oct=1/5 / T_low=−45 / NN=8 槽全空 / n_cand=16 / STEP=0.5 / **环路 8 kHz 以上被带限**
仪器底 = 0.354 dB(= STEP/2×√2);⚠ 两臂同锚同栅格 ⇒ δ 恒为 0.5 的整数倍(预注册 §5)
⛔ 「不可判」不得读作「没变化」。⛔ 深度到顶不得当作 ΔMSG 改善的证据。

======================================================================================================================
① 逐种子 ΔMSG(主列 = duck **消融**;正数 = 修法更好)      ③ 每格对 0.354 dB 仪器底标注
======================================================================================================================
  T60/sd    ΔMSG基线    ΔMSG修法      δ=修法−基线                    判读      挂陷 基→修          深度中位 基→修        f_trig 基→修
   0.2/0      6.00      5.50        -0.50            **更差(一格)**         8→8     -18.00→-18.00         2559→2560
 0.2/1 ⭐      2.00      2.00         0.00            不可判(⛔≠没变化)         3→3     -15.00→-18.00         1034→1034
   0.2/2      4.00      4.00         0.00            不可判(⛔≠没变化)         3→3     -18.00→-18.00         3111→3111
   0.5/0      2.50      2.50         0.00            不可判(⛔≠没变化)         4→4     -18.00→-18.00         2258→2258
   0.5/1      2.00      2.00         0.00            不可判(⛔≠没变化)         3→3     -18.00→-18.00         7580→7580
 0.5/2 ⭐      2.50      2.50         0.00            不可判(⛔≠没变化)         4→4     -16.50→-18.00           716→716

   附列(duck **不消融**;⛔ 不得单独引用,须与 g_duck最深 同出 —— F33 已发生三次)
  T60/sd    ΔMSG基线    ΔMSG修法        δ                    判读        g_duck最深 基→修
0.2/0           4.50      6.00     1.50            **更好(多格)**         -6.00→-6.00
0.2/1           6.50      6.50     0.00            不可判(⛔≠没变化)         -6.00→-6.00
0.2/2           8.00      9.00     1.00            **更好(多格)**         -6.00→-6.00
0.5/0           3.00      3.00     0.00            不可判(⛔≠没变化)         -6.00→-6.00
0.5/1           3.00      4.00     1.00            **更好(多格)**         -6.00→-6.00
0.5/2           1.50      4.00     2.50            **更好(多格)**         -4.00→-6.00

======================================================================================================================
② ⭐ 单列【基线下深度卡住】的两条(r86:0.2/sd1 = −15.00、0.5/sd2 = −16.50;其余四条已到 −18.00)
   Hg1:若机制是「补足深度」,收益应集中在这两条      Hg2:若收益反在其余四条 ⇒ 另有其物
======================================================================================================================
  ── 焦点两条(基线深度未到顶)
     0.2/1: ΔMSG +2.00 → +2.00  δ=+0.00  不可判(⛔≠没变化)   深度中位 -15.00 → -18.00
     0.5/2: ΔMSG +2.50 → +2.50  δ=+0.00  不可判(⛔≠没变化)   深度中位 -16.50 → -18.00
  ── 其余四条(基线深度已到顶)
     0.2/0: ΔMSG +6.00 → +5.50  δ=-0.50  **更差(一格)**   深度中位 -18.00 → -18.00
     0.2/2: ΔMSG +4.00 → +4.00  δ=+0.00  不可判(⛔≠没变化)   深度中位 -18.00 → -18.00
     0.5/0: ΔMSG +2.50 → +2.50  δ=+0.00  不可判(⛔≠没变化)   深度中位 -18.00 → -18.00
     0.5/1: ΔMSG +2.00 → +2.00  δ=+0.00  不可判(⛔≠没变化)   深度中位 -18.00 → -18.00

   ⇒ 焦点两条:可判 0/2(其中变好 0);其余四条:可判 1/4(其中变好 0)
   ⇒ Hg1(收益集中在焦点两条):**不支持**
   ⇒ Hg2(收益反在其余四条):未触发
   ⇒ Hg3(不得伤害:任一条变差 > 0.354):**触发 ⇒ 判有害** [((0.2, 0), -0.5)]

======================================================================================================================
④ 各臂在其**终点 G** 上的末秒−首秒 RMS(在衰=稳定点;在长 ⇒ 该格只能作上界)
   参照(r80b 已验):干净的样子 = −5.87 dB(在衰);到峰/窗 ≥ 0.7 亦判上界
======================================================================================================================
  T60/sd        臂      终点G    ΔMSG     末−首dB     到峰/窗                判定
0.2/0            m0   -11.85    0.00     +0.86     1.00       **⛔ 只能作上界**
0.2/0        A_base    -5.85    6.00    -36.74     0.05              ✅ 干净
0.2/0          A_rf    -6.35    5.50    -34.44     0.06              ✅ 干净
0.2/0        D_base    -7.35    4.50    -17.53     0.04              ✅ 干净
0.2/0          D_rf    -5.85    6.00    -26.17     0.04              ✅ 干净

0.2/1            m0   -12.93    0.00     +3.22     1.00       **⛔ 只能作上界**
0.2/1        A_base   -10.93    2.00     -3.02     0.06              ✅ 干净
0.2/1          A_rf   -10.93    2.00     -3.07     0.06              ✅ 干净
0.2/1        D_base    -6.43    6.50    -28.89     0.04              ✅ 干净
0.2/1          D_rf    -6.43    6.50    -28.89     0.04              ✅ 干净

0.2/2            m0   -13.08    0.00     +3.16     1.00       **⛔ 只能作上界**
0.2/2        A_base    -9.08    4.00    -13.21     0.04              ✅ 干净
0.2/2          A_rf    -9.08    4.00    -13.21     0.04              ✅ 干净
0.2/2        D_base    -5.08    8.00    -37.67     0.04              ✅ 干净
0.2/2          D_rf    -4.08    9.00    -36.30     0.04              ✅ 干净

0.5/0            m0   -12.49    0.00     +0.30     0.85       **⛔ 只能作上界**
0.5/0        A_base    -9.99    2.50     -8.20     0.08              ✅ 干净
0.5/0          A_rf    -9.99    2.50     -8.20     0.08              ✅ 干净
0.5/0        D_base    -9.49    3.00    -10.13     0.07              ✅ 干净
0.5/0          D_rf    -9.49    3.00    -10.13     0.07              ✅ 干净

0.5/1            m0   -13.75    0.00     +0.21     0.93       **⛔ 只能作上界**
0.5/1        A_base   -11.75    2.00     -9.26     0.09              ✅ 干净
0.5/1          A_rf   -11.75    2.00     -9.26     0.09              ✅ 干净
0.5/1        D_base   -10.75    3.00    -14.48     0.07              ✅ 干净
0.5/1          D_rf    -9.75    4.00     -9.05     0.06              ✅ 干净

0.5/2            m0   -12.52    0.00     +0.19     0.78       **⛔ 只能作上界**
0.5/2        A_base   -10.02    2.50     -7.68     0.07              ✅ 干净
0.5/2          A_rf   -10.02    2.50     -7.44     0.07              ✅ 干净
0.5/2        D_base   -11.02    1.50     -2.68     0.07              ✅ 干净
0.5/2          D_rf    -8.52    4.00     -9.33     0.06              ✅ 干净

   ⇒ 判为「只能作上界」的格:**6/30**

======================================================================================================================
§7 诊断(⛔ 非闸门):A_base vs r76 同工作点已落盘值(四项:m0 / ΔMSG / 挂陷 / 终点lp)
======================================================================================================================
   0.2/0: m0 ✓ | ΔMSG ✓(本轮 vs r76 dA=+6.00) | 挂陷 ✓ | 终点lp ✓
   0.2/1: m0 ✓ | ΔMSG ✓(本轮 vs r76 dA=+2.00) | 挂陷 ✓ | 终点lp ✓
   0.2/2: m0 ✓ | ΔMSG ✓(本轮 vs r76 dA=+4.00) | 挂陷 ✓ | 终点lp ✓
   0.5/0: m0 ✓ | ΔMSG ✓(本轮 vs r76 dA=+2.50) | 挂陷 ✓ | 终点lp ✓
   0.5/1: m0 ✓ | ΔMSG ✓(本轮 vs r76 dA=+2.00) | 挂陷 ✓ | 终点lp ✓
   0.5/2: m0 ✓ | ΔMSG ✓(本轮 vs r76 dA=+2.50) | 挂陷 ✓ | 终点lp ✓
   ⇒ 四项全符的种子:**6/6**
   ⚠ 全符 ⇒ 「recheck_free 默认关 = 行为不变」在 ΔMSG 层面得到**事后**支持;
     ⛔ 它不等于盘面上的逐位等价证据件(`r86a_bitexact` 在本目录**不存在**,PREREG_r87b §1 核①(c))

⛔ 未经 critic 评审;本文件不含结论性判读。全部 [L2/宿主仿真]。⛔ 未 commit。
