未经 critic 评审 —— r88 · **非统计 plant 对照**  [L2/宿主仿真]  预注册 = PREREG_r88b.txt
问:**若低频段是可辨模态而非统计场,NHS 的行为会不会不同**
⛔ 本轮**不**声称非统计 plant 更真实;⛔ 不据它改任何设计
仪器底 0.354 dB;两臂同锚同栅格 ⇒ δ 恒为 0.5 整数倍 ⇒ |δ|=0.50 只是一格

====================================================================================================================
① 逐种子 ΔMSG(duck 消融列)· 三个 plant
====================================================================================================================
  T60/sd   P_stat   P_conf    P_mod9  δ=conf−stat                判读(主问)  δ=booth−stat         判读(阳性对照,仅T60=0.5)
0.2/0       ⛔ 缺格
0.2/1       ⛔ 缺格
0.2/2       ⛔ 缺格
0.5/0          2.50     2.00      1.00        -0.50            **更低(一格)**         -1.50              **更低(多格)**
0.5/1          2.00     0.00      1.00        -2.00            **更低(多格)**         -1.00              **更低(多格)**
0.5/2          2.50     1.50      1.50        -1.00            **更低(多格)**         -1.00              **更低(多格)**

   Hp1 主问:P_conf vs P_stat **可判 3/3**
   Hp2 阳性对照:P_mod9 vs P_stat **可判 3/3**
   ⇒ 机械判读(按预注册 §4):
     ⚠ 主问出现可判差异 ⇒ **争议【会】影响决定** ⇒ 须逐条看是哪些种子

====================================================================================================================
② Hp3 低频行为(挂陷频点 <300 Hz 的个数)+ 挂陷总数 —— ⛔ 与 ΔMSG 分开报
====================================================================================================================
  T60/sd      挂陷 stat/conf/booth    <300Hz stat/conf/booth        深度中位 stat/conf/booth
0.5/0                    4 / 2 / 2                 0 / 1 / 1    -18.00 / -18.00 / -10.50
0.5/1                    3 / 1 / 1                 0 / 0 / 0     -18.00 / -6.00 / -15.00
0.5/2                    4 / 1 / 2                 0 / 0 / 0    -16.50 / -18.00 / -18.00

====================================================================================================================
③ 窗长有效性(各 plant 的 NHS 臂在其终点 G 上)
====================================================================================================================
   判为「只能作上界」的格:**0/15**

⛔ 未经 critic 评审;本文件不含结论性判读。全部 [L2/宿主仿真]。⛔ 未 commit。
